Component: ARM Compiler 5.06 update 7 (build 960) Tool: armlink [4d3601]

==============================================================================

Section Cross References

    startup_stm32f411xe.o(RESET) refers to startup_stm32f411xe.o(STACK) for __initial_sp
    startup_stm32f411xe.o(RESET) refers to startup_stm32f411xe.o(.text) for Reset_Handler
    startup_stm32f411xe.o(RESET) refers to stm32f4xx_it.o(i.NMI_Handler) for NMI_Handler
    startup_stm32f411xe.o(RESET) refers to stm32f4xx_it.o(i.HardFault_Handler) for HardFault_Handler
    startup_stm32f411xe.o(RESET) refers to stm32f4xx_it.o(i.MemManage_Handler) for MemManage_Handler
    startup_stm32f411xe.o(RESET) refers to stm32f4xx_it.o(i.BusFault_Handler) for BusFault_Handler
    startup_stm32f411xe.o(RESET) refers to stm32f4xx_it.o(i.UsageFault_Handler) for UsageFault_Handler
    startup_stm32f411xe.o(RESET) refers to stm32f4xx_it.o(i.SVC_Handler) for SVC_Handler
    startup_stm32f411xe.o(RESET) refers to stm32f4xx_it.o(i.DebugMon_Handler) for DebugMon_Handler
    startup_stm32f411xe.o(RESET) refers to stm32f4xx_it.o(i.PendSV_Handler) for PendSV_Handler
    startup_stm32f411xe.o(RESET) refers to stm32f4xx_it.o(i.SysTick_Handler) for SysTick_Handler
    startup_stm32f411xe.o(RESET) refers to stm32f4xx_it.o(i.DMA1_Stream5_IRQHandler) for DMA1_Stream5_IRQHandler
    startup_stm32f411xe.o(RESET) refers to stm32f4xx_it.o(i.USART1_IRQHandler) for USART1_IRQHandler
    startup_stm32f411xe.o(RESET) refers to stm32f4xx_it.o(i.USART2_IRQHandler) for USART2_IRQHandler
    startup_stm32f411xe.o(RESET) refers to stm32f4xx_it.o(i.DMA2_Stream1_IRQHandler) for DMA2_Stream1_IRQHandler
    startup_stm32f411xe.o(RESET) refers to stm32f4xx_it.o(i.DMA2_Stream2_IRQHandler) for DMA2_Stream2_IRQHandler
    startup_stm32f411xe.o(RESET) refers to stm32f4xx_it.o(i.USART6_IRQHandler) for USART6_IRQHandler
    startup_stm32f411xe.o(.text) refers to system_stm32f4xx.o(i.SystemInit) for SystemInit
    startup_stm32f411xe.o(.text) refers to entry.o(.ARM.Collect$$$$00000000) for __main
    main.o(i.SystemClock_Config) refers to memseta.o(.text) for __aeabi_memclr4
    main.o(i.SystemClock_Config) refers to stm32f4xx_hal_rcc.o(i.HAL_RCC_OscConfig) for HAL_RCC_OscConfig
    main.o(i.SystemClock_Config) refers to stm32f4xx_hal_rcc.o(i.HAL_RCC_ClockConfig) for HAL_RCC_ClockConfig
    main.o(i.main) refers to stm32f4xx_hal.o(i.HAL_Init) for HAL_Init
    main.o(i.main) refers to main.o(i.SystemClock_Config) for SystemClock_Config
    main.o(i.main) refers to gpio.o(i.MX_GPIO_Init) for MX_GPIO_Init
    main.o(i.main) refers to dma.o(i.MX_DMA_Init) for MX_DMA_Init
    main.o(i.main) refers to usart.o(i.MX_USART1_UART_Init) for MX_USART1_UART_Init
    main.o(i.main) refers to usart.o(i.MX_USART2_UART_Init) for MX_USART2_UART_Init
    main.o(i.main) refers to i2c.o(i.MX_I2C1_Init) for MX_I2C1_Init
    main.o(i.main) refers to i2c.o(i.MX_I2C2_Init) for MX_I2C2_Init
    main.o(i.main) refers to i2c.o(i.MX_I2C3_Init) for MX_I2C3_Init
    main.o(i.main) refers to usart.o(i.MX_USART6_UART_Init) for MX_USART6_UART_Init
    main.o(i.main) refers to delay.o(i.delay_init) for delay_init
    main.o(i.main) refers to mu_usart.o(i.MU_USART_init) for MU_USART_init
    main.o(i.main) refers to oled.o(i.OLED_Init) for OLED_Init
    main.o(i.main) refers to printfa.o(i.__0sprintf) for __2sprintf
    main.o(i.main) refers to oled.o(i.OLED_ShowString) for OLED_ShowString
    main.o(i.main) refers to memseta.o(.text) for __aeabi_memclr4
    main.o(i.main) refers to stm32f4xx_hal_gpio.o(i.HAL_GPIO_WritePin) for HAL_GPIO_WritePin
    main.o(i.main) refers to sht30.o(i.SHT30_reset) for SHT30_reset
    main.o(i.main) refers to sht30.o(i.SHT30_Init) for SHT30_Init
    main.o(i.main) refers to printfa.o(i.__0printf) for __2printf
    main.o(i.main) refers to delay.o(i.delay_ms) for delay_ms
    main.o(i.main) refers to bh1750_i2c_drv.o(i.BH1750_Send_Cmd) for BH1750_Send_Cmd
    main.o(i.main) refers to bh1750_i2c_drv.o(i.BH1750_Read_Dat) for BH1750_Read_Dat
    main.o(i.main) refers to sht30.o(i.SHT30_Read_Dat) for SHT30_Read_Dat
    main.o(i.main) refers to bh1750_i2c_drv.o(i.BH1750_Dat_To_Lux) for BH1750_Dat_To_Lux
    main.o(i.main) refers to sht30.o(i.SHT30_Dat_To_Float) for SHT30_Dat_To_Float
    main.o(i.main) refers to f2d.o(.text) for __aeabi_f2d
    main.o(i.main) refers to pack_unpack.o(i.json_pack) for json_pack
    main.o(i.main) refers to dump.o(i.json_dumps) for json_dumps
    main.o(i.main) refers to value.o(i.json_delete) for json_delete
    main.o(i.main) refers to stm32f4xx_hal_uart.o(i.HAL_UART_Transmit) for HAL_UART_Transmit
    main.o(i.main) refers to main.o(.data) for .data
    main.o(i.main) refers to mu_usart.o(.bss) for tx6_buff
    main.o(i.main) refers to usart.o(.bss) for huart6
    gpio.o(i.MX_GPIO_Init) refers to memseta.o(.text) for __aeabi_memclr4
    gpio.o(i.MX_GPIO_Init) refers to stm32f4xx_hal_gpio.o(i.HAL_GPIO_WritePin) for HAL_GPIO_WritePin
[...]
    i.UART_WaitOnFlagUntilTimeout            0x080030b0   Section        0  stm32f4xx_hal_uart.o(i.UART_WaitOnFlagUntilTimeout)
    UART_WaitOnFlagUntilTimeout              0x080030b1   Thumb Code   120  stm32f4xx_hal_uart.o(i.UART_WaitOnFlagUntilTimeout)
    i.USART1_IRQHandler                      0x08003128   Section        0  stm32f4xx_it.o(i.USART1_IRQHandler)
    i.USART2_IRQHandler                      0x08003140   Section        0  stm32f4xx_it.o(i.USART2_IRQHandler)
    i.USART6_IRQHandler                      0x08003158   Section        0  stm32f4xx_it.o(i.USART6_IRQHandler)
    i.USER_UART_IRQHandler                   0x08003170   Section        0  mu_usart.o(i.USER_UART_IRQHandler)
    i.UsageFault_Handler                     0x0800329c   Section        0  stm32f4xx_it.o(i.UsageFault_Handler)
    i.__0printf                              0x080032a0   Section        0  printfa.o(i.__0printf)
    i.__0snprintf                            0x080032c0   Section        0  printfa.o(i.__0snprintf)
    i.__0sprintf                             0x080032f4   Section        0  printfa.o(i.__0sprintf)
    i.__0vsnprintf                           0x0800331c   Section        0  printfa.o(i.__0vsnprintf)
    i.__ARM_common_switch8                   0x08003350   Section        0  dump.o(i.__ARM_common_switch8)
    i.__ARM_isinf                            0x0800336a   Section        0  value.o(i.__ARM_isinf)
    i.__ARM_isnan                            0x08003380   Section        0  value.o(i.__ARM_isnan)
    i.__NVIC_SetPriority                     0x08003398   Section        0  stm32f4xx_hal_cortex.o(i.__NVIC_SetPriority)
    __NVIC_SetPriority                       0x08003399   Thumb Code    32  stm32f4xx_hal_cortex.o(i.__NVIC_SetPriority)
    i.__scatterload_copy                     0x080033b8   Section       14  handlers.o(i.__scatterload_copy)
    i.__scatterload_null                     0x080033c6   Section        2  handlers.o(i.__scatterload_null)
    i.__scatterload_zeroinit                 0x080033c8   Section       14  handlers.o(i.__scatterload_zeroinit)
    i._fp_digits                             0x080033d8   Section        0  printfa.o(i._fp_digits)
    _fp_digits                               0x080033d9   Thumb Code   366  printfa.o(i._fp_digits)
    i._printf_core                           0x0800355c   Section        0  printfa.o(i._printf_core)
    _printf_core                             0x0800355d   Thumb Code  1704  printfa.o(i._printf_core)
    i._printf_post_padding                   0x08003c10   Section        0  printfa.o(i._printf_post_padding)
    _printf_post_padding                     0x08003c11   Thumb Code    36  printfa.o(i._printf_post_padding)
    i._printf_pre_padding                    0x08003c34   Section        0  printfa.o(i._printf_pre_padding)
    _printf_pre_padding                      0x08003c35   Thumb Code    46  printfa.o(i._printf_pre_padding)
    i._snputc                                0x08003c62   Section        0  printfa.o(i._snputc)
    _snputc                                  0x08003c63   Thumb Code    22  printfa.o(i._snputc)
    i._sputc                                 0x08003c78   Section        0  printfa.o(i._sputc)
    _sputc                                   0x08003c79   Thumb Code    10  printfa.o(i._sputc)
    i.array_copy                             0x08003c82   Section        0  value.o(i.array_copy)
    array_copy                               0x08003c83   Thumb Code    24  value.o(i.array_copy)
    i.bucket_is_empty                        0x08003c9a   Section        0  hashtable.o(i.bucket_is_empty)
    bucket_is_empty                          0x08003c9b   Thumb Code    22  hashtable.o(i.bucket_is_empty)
    i.delay_init                             0x08003cb0   Section        0  delay.o(i.delay_init)
    i.delay_ms                               0x08003cc4   Section        0  delay.o(i.delay_ms)
    i.delay_us                               0x08003ce0   Section        0  delay.o(i.delay_us)
    i.do_dump                                0x08003d14   Section        0  dump.o(i.do_dump)
    do_dump                                  0x08003d15   Thumb Code   846  dump.o(i.do_dump)
    i.dump_indent                            0x080040a8   Section        0  dump.o(i.dump_indent)
    dump_indent                              0x080040a9   Thumb Code    82  dump.o(i.dump_indent)
    i.dump_string                            0x08004108   Section        0  dump.o(i.dump_string)
    dump_string                              0x08004109   Thumb Code   270  dump.o(i.dump_string)
    i.dump_to_strbuffer                      0x08004254   Section        0  dump.o(i.dump_to_strbuffer)
    dump_to_strbuffer                        0x08004255   Thumb Code    16  dump.o(i.dump_to_strbuffer)
    i.fputc                                  0x08004264   Section        0  mu_usart.o(i.fputc)
    i.free                                   0x08004278   Section        0  malloc.o(i.free)
    i.hashlittle                             0x080042c8   Section        0  hashtable.o(i.hashlittle)
    hashlittle                               0x080042c9   Thumb Code   318  hashtable.o(i.hashlittle)
    i.hashtable_close                        0x0800440c   Section        0  hashtable.o(i.hashtable_close)
    i.hashtable_do_clear                     0x0800441c   Section        0  hashtable.o(i.hashtable_do_clear)
    hashtable_do_clear                       0x0800441d   Thumb Code    34  hashtable.o(i.hashtable_do_clear)
    i.hashtable_do_rehash                    0x0800443e   Section        0  hashtable.o(i.hashtable_do_rehash)
    hashtable_do_rehash                      0x0800443f   Thumb Code   118  hashtable.o(i.hashtable_do_rehash)
    i.hashtable_find_pair                    0x080044b4   Section        0  hashtable.o(i.hashtable_find_pair)
    hashtable_find_pair                      0x080044b5   Thumb Code    60  hashtable.o(i.hashtable_find_pair)
    i.hashtable_get                          0x080044f0   Section        0  hashtable.o(i.hashtable_get)
    i.hashtable_init                         0x08004530   Section        0  hashtable.o(i.hashtable_init)
    i.hashtable_iter                         0x08004578   Section        0  hashtable.o(i.hashtable_iter)
    i.hashtable_iter_key                     0x08004584   Section        0  hashtable.o(i.hashtable_iter_key)
    i.hashtable_iter_next                    0x08004588   Section        0  hashtable.o(i.hashtable_iter_next)
    i.hashtable_iter_serial                  0x08004596   Section        0  hashtable.o(i.hashtable_iter_serial)
    i.hashtable_iter_value                   0x0800459a   Section        0  hashtable.o(i.hashtable_iter_value)
    i.hashtable_set                          0x080045a0   Section        0  hashtable.o(i.hashtable_set)
    i.insert_to_bucket                       0x0800464c   Section        0  hashtable.o(i.insert_to_bucket)
    insert_to_bucket                         0x0800464d   Thumb Code    42  hashtable.o(i.insert_to_bucket)
    i.json_array                             0x08004676   Section        0  value.o(i.json_array)
    i.json_array_append_new                  0x080046ac   Section        0  value.o(i.json_array_append_new)
    i.json_array_get                         0x080046f4   Section        0  value.o(i.json_array_get)
    i.json_array_grow                        0x08004710   Section        0  value.o(i.json_array_grow)
    json_array_grow                          0x08004711   Thumb Code    76  value.o(i.json_array_grow)
    i.json_array_size                        0x0800475c   Section        0  value.o(i.json_array_size)
    i.json_decref                            0x0800476e   Section        0  pack_unpack.o(i.json_decref)
    json_decref                              0x0800476f   Thumb Code    24  pack_unpack.o(i.json_decref)
    i.json_decref                            0x08004786   Section        0  value.o(i.json_decref)
    json_decref                              0x08004787   Thumb Code    24  value.o(i.json_decref)
    i.json_decref                            0x0800479e   Section        0  hashtable.o(i.json_decref)
    json_decref                              0x0800479f   Thumb Code    24  hashtable.o(i.json_decref)
    i.json_delete                            0x080047b6   Section        0  value.o(i.json_delete)
    i.json_dump_callback                     0x0800480a   Section        0  dump.o(i.json_dump_callback)
    i.json_dumps                             0x08004834   Section        0  dump.o(i.json_dumps)
    i.json_false                             0x08004878   Section        0  value.o(i.json_false)
    i.json_incref                            0x08004880   Section        0  pack_unpack.o(i.json_incref)
    json_incref                              0x08004881   Thumb Code    16  pack_unpack.o(i.json_incref)
    i.json_integer                           0x08004890   Section        0  value.o(i.json_integer)
    i.json_integer_value                     0x080048ac   Section        0  value.o(i.json_integer_value)
    i.json_null                              0x080048c4   Section        0  value.o(i.json_null)
    i.json_object                            0x080048cc   Section        0  value.o(i.json_object)
    i.json_object_get                        0x08004918   Section        0  value.o(i.json_object_get)
    i.json_object_iter                       0x08004934   Section        0  value.o(i.json_object_iter)
    i.json_object_iter_key                   0x0800494c   Section        0  value.o(i.json_object_iter_key)
    i.json_object_iter_next                  0x08004958   Section        0  value.o(i.json_object_iter_next)
    i.json_object_iter_value                 0x08004974   Section        0  value.o(i.json_object_iter_value)
    i.json_object_seed                       0x08004980   Section        0  hashtable_seed.o(i.json_object_seed)
    i.json_object_set_new_nocheck            0x080049a8   Section        0  value.o(i.json_object_set_new_nocheck)
    i.json_object_size                       0x080049e8   Section        0  value.o(i.json_object_size)
    i.json_pack                              0x080049fa   Section        0  pack_unpack.o(i.json_pack)
    i.json_real                              0x08004a12   Section        0  value.o(i.json_real)
    i.json_real_value                        0x08004a46   Section        0  value.o(i.json_real_value)
    i.json_string_length                     0x08004a5e   Section        0  value.o(i.json_string_length)
    i.json_string_value                      0x08004a70   Section        0  value.o(i.json_string_value)
    i.json_stringn_nocheck                   0x08004a82   Section        0  value.o(i.json_stringn_nocheck)
    i.json_true                              0x08004a8c   Section        0  value.o(i.json_true)
    i.json_vpack_ex                          0x08004a94   Section        0  pack_unpack.o(i.json_vpack_ex)
    i.jsonp_dtostr                           0x08004b58   Section        0  strconv.o(i.jsonp_dtostr)
    i.jsonp_error_init                       0x08004bf8   Section        0  error.o(i.jsonp_error_init)
    i.jsonp_error_set                        0x08004c1a   Section        0  error.o(i.jsonp_error_set)
    i.jsonp_error_set_source                 0x08004c2c   Section        0  error.o(i.jsonp_error_set_source)
    i.jsonp_error_vset                       0x08004c68   Section        0  error.o(i.jsonp_error_vset)
    i.jsonp_free                             0x08004c94   Section        0  memory.o(i.jsonp_free)
    i.jsonp_malloc                           0x08004ca4   Section        0  memory.o(i.jsonp_malloc)
    i.jsonp_strdup                           0x08004cb4   Section        0  memory.o(i.jsonp_strdup)
    i.jsonp_stringn_nocheck_own              0x08004cc6   Section        0  value.o(i.jsonp_stringn_nocheck_own)
    i.jsonp_strndup                          0x08004cd0   Section        0  memory.o(i.jsonp_strndup)
    i.list_insert                            0x08004cf4   Section        0  hashtable.o(i.list_insert)
    list_insert                              0x08004cf5   Thumb Code    14  hashtable.o(i.list_insert)
    i.main                                   0x08004d04   Section        0  main.o(i.main)
    i.malloc                                 0x08004ff4   Section        0  malloc.o(i.malloc)
    i.next_token                             0x08005060   Section        0  pack_unpack.o(i.next_token)
    next_token                               0x08005061   Thumb Code   128  pack_unpack.o(i.next_token)
    i.object_key_compare_keys                0x080050e0   Section        0  dump.o(i.object_key_compare_keys)
    object_key_compare_keys                  0x080050e1   Thumb Code    12  dump.o(i.object_key_compare_keys)
    i.object_key_compare_serials             0x080050ec   Section        0  dump.o(i.object_key_compare_serials)
    object_key_compare_serials               0x080050ed   Thumb Code    26  dump.o(i.object_key_compare_serials)
    i.pack                                   0x08005108   Section        0  pack_unpack.o(i.pack)
    pack                                     0x08005109   Thumb Code   224  pack_unpack.o(i.pack)
    i.pack_array                             0x08005220   Section        0  pack_unpack.o(i.pack_array)
    pack_array                               0x08005221   Thumb Code    92  pack_unpack.o(i.pack_array)
    i.pack_object                            0x080052d0   Section        0  pack_unpack.o(i.pack_object)
    pack_object                              0x080052d1   Thumb Code   178  pack_unpack.o(i.pack_object)
    i.prev_token                             0x08005400   Section        0  pack_unpack.o(i.prev_token)
    prev_token                               0x08005401   Thumb Code    20  pack_unpack.o(i.prev_token)
    i.read_string                            0x08005414   Section        0  pack_unpack.o(i.read_string)
    read_string                              0x08005415   Thumb Code   268  pack_unpack.o(i.read_string)
    i.scanner_init                           0x08005570   Section        0  pack_unpack.o(i.scanner_init)
    scanner_init                             0x08005571   Thumb Code    44  pack_unpack.o(i.scanner_init)
    i.seed_from_timestamp_and_pid            0x0800559c   Section        0  jansson_config.o(i.seed_from_timestamp_and_pid)
    i.set_error                              0x080055a0   Section        0  pack_unpack.o(i.set_error)
    set_error                                0x080055a1   Thumb Code    44  pack_unpack.o(i.set_error)
    i.strbuffer_append_bytes                 0x080055cc   Section        0  strbuffer.o(i.strbuffer_append_bytes)
    i.strbuffer_close                        0x0800563c   Section        0  strbuffer.o(i.strbuffer_close)
    i.strbuffer_init                         0x08005654   Section        0  strbuffer.o(i.strbuffer_init)
    i.strbuffer_steal_value                  0x08005676   Section        0  strbuffer.o(i.strbuffer_steal_value)
    i.strbuffer_value                        0x08005680   Section        0  strbuffer.o(i.strbuffer_value)
    i.string_create                          0x08005684   Section        0  value.o(i.string_create)
    string_create                            0x08005685   Thumb Code    62  value.o(i.string_create)
    i.utf8_check_first                       0x080056c2   Section        0  utf.o(i.utf8_check_first)
    i.utf8_check_full                        0x08005700   Section        0  utf.o(i.utf8_check_full)
    i.utf8_check_string                      0x08005788   Section        0  utf.o(i.utf8_check_string)
    i.utf8_iterate                           0x080057c6   Section        0  utf.o(i.utf8_iterate)
    .constdata                               0x08005806   Section        8  stm32f4xx_hal_dma.o(.constdata)
    flagBitshiftOffset                       0x08005806   Data           8  stm32f4xx_hal_dma.o(.constdata)
    .constdata                               0x0800580e   Section       16  system_stm32f4xx.o(.constdata)
    .constdata                               0x0800581e   Section        8  system_stm32f4xx.o(.constdata)
    .constdata                               0x08005826   Section     2072  oled.o(.constdata)
    .constdata                               0x0800603e   Section       33  dump.o(.constdata)
    whitespace                               0x0800603e   Data          33  dump.o(.constdata)
    .data                                    0x20000000   Section        8  main.o(.data)
    .data                                    0x20000008   Section       12  stm32f4xx_hal.o(.data)
    .data                                    0x20000014   Section        4  system_stm32f4xx.o(.data)
    .data                                    0x20000018   Section        4  delay.o(.data)
    fac_us                                   0x20000018   Data           4  delay.o(.data)
    .data                                    0x2000001c   Section        4  mu_usart.o(.data)
    .data                                    0x20000020   Section       24  value.o(.data)
    the_true                                 0x20000020   Data           8  value.o(.data)
    the_false                                0x20000028   Data           8  value.o(.data)
    the_null                                 0x20000030   Data           8  value.o(.data)
    .data                                    0x20000038   Section        8  memory.o(.data)
    do_malloc                                0x20000038   Data           4  memory.o(.data)
    do_free                                  0x2000003c   Data           4  memory.o(.data)
    .data                                    0x20000040   Section        4  hashtable_seed.o(.data)
    .data                                    0x20000044   Section        4  stdout.o(.data)
    .data                                    0x20000048   Section        4  mvars.o(.data)
    .data                                    0x2000004c   Section        4  mvars.o(.data)
    .bss                                     0x20000050   Section      252  i2c.o(.bss)
    .bss                                     0x2000014c   Section      492  usart.o(.bss)
    .bss                                     0x20000338   Section      255  mu_usart.o(.bss)
    .bss                                     0x20000437   Section      765  mu_usart.o(.bss)
    HEAP                                     0x20000738   Section     4096  startup_stm32f411xe.o(HEAP)
    STACK                                    0x20001738   Section     1024  startup_stm32f411xe.o(STACK)

    Global Symbols

    Symbol Name                              Value     Ov Type        Size  Object(Section)

    BuildAttributes$$THM_ISAv4$E$P$D$K$B$S$7EM$VFPi3$EXTD16$VFPS$VFMA$PE$A:L22UL41UL21$X:L11$S22US41US21$IEEE1$IW$USESV6$~STKCKD$USESV7$~SHL$OTIME$ROPI$IEEEJ$EBA8$MICROLIB$REQ8$PRES8$EABIv2 0x00000000   Number         0  anon$$obj.o ABSOLUTE
    __ARM_use_no_argv                        0x00000000   Number         0  main.o ABSOLUTE
    _printf_a                                0x00000000   Number         0  stubs.o ABSOLUTE
    _printf_c                                0x00000000   Number         0  stubs.o ABSOLUTE
    _printf_charcount                        0x00000000   Number         0  stubs.o ABSOLUTE
    _printf_d                                0x00000000   Number         0  stubs.o ABSOLUTE
    _printf_e                                0x00000000   Number         0  stubs.o ABSOLUTE
    _printf_f                                0x00000000   Number         0  stubs.o ABSOLUTE
    _printf_flags                            0x00000000   Number         0  stubs.o ABSOLUTE
    _printf_fp_dec                           0x00000000   Number         0  stubs.o ABSOLUTE
    _printf_fp_hex                           0x00000000   Number         0  stubs.o ABSOLUTE
    _printf_g                                0x00000000   Number         0  stubs.o ABSOLUTE
    _printf_i                                0x00000000   Number         0  stubs.o ABSOLUTE
    _printf_int_dec                          0x00000000   Number         0  stubs.o ABSOLUTE
    _printf_l                                0x00000000   Number         0  stubs.o ABSOLUTE
    _printf_lc                               0x00000000   Number         0  stubs.o ABSOLUTE
    _printf_ll                               0x00000000   Number         0  stubs.o ABSOLUTE
    _printf_lld                              0x00000000   Number         0  stubs.o ABSOLUTE
    _printf_lli                              0x00000000   Number         0  stubs.o ABSOLUTE
    _printf_llo                              0x00000000   Number         0  stubs.o ABSOLUTE
    _printf_llu                              0x00000000   Number         0  stubs.o ABSOLUTE
    _printf_llx                              0x00000000   Number         0  stubs.o ABSOLUTE
    _printf_longlong_dec                     0x00000000   Number         0  stubs.o ABSOLUTE
    _printf_longlong_hex                     0x00000000   Number         0  stubs.o ABSOLUTE
    _printf_longlong_oct                     0x00000000   Number         0  stubs.o ABSOLUTE
    _printf_ls                               0x00000000   Number         0  stubs.o ABSOLUTE
    _printf_mbtowc                           0x00000000   Number         0  stubs.o ABSOLUTE
    _printf_n                                0x00000000   Number         0  stubs.o ABSOLUTE
    _printf_o                                0x00000000   Number         0  stubs.o ABSOLUTE
    _printf_p                                0x00000000   Number         0  stubs.o ABSOLUTE
    _printf_percent                          0x00000000   Number         0  stubs.o ABSOLUTE
    _printf_pre_padding                      0x00000000   Number         0  stubs.o ABSOLUTE
    _printf_return_value                     0x00000000   Number         0  stubs.o ABSOLUTE
    _printf_s                                0x00000000   Number         0  stubs.o ABSOLUTE
    _printf_sizespec                         0x00000000   Number         0  stubs.o ABSOLUTE
    _printf_str                              0x00000000   Number         0  stubs.o ABSOLUTE
    _printf_truncate_signed                  0x00000000   Number         0  stubs.o ABSOLUTE
    _printf_truncate_unsigned                0x00000000   Number         0  stubs.o ABSOLUTE
    _printf_u                                0x00000000   Number         0  stubs.o ABSOLUTE
    _printf_wc                               0x00000000   Number         0  stubs.o ABSOLUTE
    _printf_wctomb                           0x00000000   Number         0  stubs.o ABSOLUTE
    _printf_widthprec                        0x00000000   Number         0  stubs.o ABSOLUTE
    _printf_x                                0x00000000   Number         0  stubs.o ABSOLUTE
    __arm_fini_                               - Undefined Weak Reference
    __cpp_initialize__aeabi_                  - Undefined Weak Reference
    __cxa_finalize                            - Undefined Weak Reference
    __decompress                              - Undefined Weak Reference
    _clock_init                               - Undefined Weak Reference
    _microlib_exit                            - Undefined Weak Reference
    __Vectors_Size                           0x00000198   Number         0  startup_stm32f411xe.o ABSOLUTE
    __Vectors                                0x08000000   Data           4  startup_stm32f411xe.o(RESET)
    __Vectors_End                            0x08000198   Data           0  startup_stm32f411xe.o(RESET)
    __main                                   0x08000199   Thumb Code     0  entry.o(.ARM.Collect$$$$00000000)
    _main_stk                                0x08000199   Thumb Code     0  entry2.o(.ARM.Collect$$$$00000001)
    _main_scatterload                        0x0800019d   Thumb Code     0  entry5.o(.ARM.Collect$$$$00000004)
    __main_after_scatterload                 0x080001a1   Thumb Code     0  entry5.o(.ARM.Collect$$$$00000004)
    _main_clock                              0x080001a1   Thumb Code     0  entry7b.o(.ARM.Collect$$$$00000008)
    _main_cpp_init                           0x080001a1   Thumb Code     0  entry8b.o(.ARM.Collect$$$$0000000A)
    _main_init                               0x080001a1   Thumb Code     0  entry9a.o(.ARM.Collect$$$$0000000B)
    __rt_lib_shutdown_fini                   0x080001a9   Thumb Code     0  entry12b.o(.ARM.Collect$$$$0000000E)
    __rt_final_cpp                           0x080001ad   Thumb Code     0  entry10a.o(.ARM.Collect$$$$0000000F)
    __rt_final_exit                          0x080001ad   Thumb Code     0  entry11a.o(.ARM.Collect$$$$00000011)
    Reset_Handler                            0x080001b1   Thumb Code     8  startup_stm32f411xe.o(.text)
    ADC_IRQHandler                           0x080001cb   Thumb Code     0  startup_stm32f411xe.o(.text)
    DMA1_Stream0_IRQHandler                  0x080001cb   Thumb Code     0  startup_stm32f411xe.o(.text)
    DMA1_Stream1_IRQHandler                  0x080001cb   Thumb Code     0  startup_stm32f411xe.o(.text)
    DMA1_Stream2_IRQHandler                  0x080001cb   Thumb Code     0  startup_stm32f411xe.o(.text)
    DMA1_Stream3_IRQHandler                  0x080001cb   Thumb Code     0  startup_stm32f411xe.o(.text)
    DMA1_Stream4_IRQHandler                  0x080001cb   Thumb Code     0  startup_stm32f411xe.o(.text)
    DMA1_Stream6_IRQHandler                  0x080001cb   Thumb Code     0  startup_stm32f411xe.o(.text)
    DMA1_Stream7_IRQHandler                  0x080001cb   Thumb Code     0  startup_stm32f411xe.o(.text)
    DMA2_Stream0_IRQHandler                  0x080001cb   Thumb Code     0  startup_stm32f411xe.o(.text)
    DMA2_Stream3_IRQHandler                  0x080001cb   Thumb Code     0  startup_stm32f411xe.o(.text)
    DMA2_Stream4_IRQHandler                  0x080001cb   Thumb Code     0  startup_stm32f411xe.o(.text)
    DMA2_Stream5_IRQHandler                  0x080001cb   Thumb Code     0  startup_stm32f411xe.o(.text)
    DMA2_Stream6_IRQHandler                  0x080001cb   Thumb Code     0  startup_stm32f411xe.o(.text)
    DMA2_Stream7_IRQHandler                  0x080001cb   Thumb Code     0  startup_stm32f411xe.o(.text)
    EXTI0_IRQHandler                         0x080001cb   Thumb Code     0  startup_stm32f411xe.o(.text)
    EXTI15_10_IRQHandler                     0x080001cb   Thumb Code     0  startup_stm32f411xe.o(.text)
    EXTI1_IRQHandler                         0x080001cb   Thumb Code     0  startup_stm32f411xe.o(.text)
    EXTI2_IRQHandler                         0x080001cb   Thumb Code     0  startup_stm32f411xe.o(.text)
    EXTI3_IRQHandler                         0x080001cb   Thumb Code     0  startup_stm32f411xe.o(.text)
    EXTI4_IRQHandler                         0x080001cb   Thumb Code     0  startup_stm32f411xe.o(.text)
    EXTI9_5_IRQHandler                       0x080001cb   Thumb Code     0  startup_stm32f411xe.o(.text)
    FLASH_IRQHandler                         0x080001cb   Thumb Code     0  startup_stm32f411xe.o(.text)
    FPU_IRQHandler                           0x080001cb   Thumb Code     0  startup_stm32f411xe.o(.text)
    I2C1_ER_IRQHandler                       0x080001cb   Thumb Code     0  startup_stm32f411xe.o(.text)
    I2C1_EV_IRQHandler                       0x080001cb   Thumb Code     0  startup_stm32f411xe.o(.text)
    I2C2_ER_IRQHandler                       0x080001cb   Thumb Code     0  startup_stm32f411xe.o(.text)
    I2C2_EV_IRQHandler                       0x080001cb   Thumb Code     0  startup_stm32f411xe.o(.text)
    I2C3_ER_IRQHandler                       0x080001cb   Thumb Code     0  startup_stm32f411xe.o(.text)
    I2C3_EV_IRQHandler                       0x080001cb   Thumb Code     0  startup_stm32f411xe.o(.text)
    OTG_FS_IRQHandler                        0x080001cb   Thumb Code     0  startup_stm32f411xe.o(.text)
    OTG_FS_WKUP_IRQHandler                   0x080001cb   Thumb Code     0  startup_stm32f411xe.o(.text)
    PVD_IRQHandler                           0x080001cb   Thumb Code     0  startup_stm32f411xe.o(.text)
    RCC_IRQHandler                           0x080001cb   Thumb Code     0  startup_stm32f411xe.o(.text)
    RTC_Alarm_IRQHandler                     0x080001cb   Thumb Code     0  startup_stm32f411xe.o(.text)
    RTC_WKUP_IRQHandler                      0x080001cb   Thumb Code     0  startup_stm32f411xe.o(.text)
    SDIO_IRQHandler                          0x080001cb   Thumb Code     0  startup_stm32f411xe.o(.text)
    SPI1_IRQHandler                          0x080001cb   Thumb Code     0  startup_stm32f411xe.o(.text)
    SPI2_IRQHandler                          0x080001cb   Thumb Code     0  startup_stm32f411xe.o(.text)
    SPI3_IRQHandler                          0x080001cb   Thumb Code     0  startup_stm32f411xe.o(.text)
    SPI4_IRQHandler                          0x080001cb   Thumb Code     0  startup_stm32f411xe.o(.text)
    SPI5_IRQHandler                          0x080001cb   Thumb Code     0  startup_stm32f411xe.o(.text)
    TAMP_STAMP_IRQHandler                    0x080001cb   Thumb Code     0  startup_stm32f411xe.o(.text)
    TIM1_BRK_TIM9_IRQHandler                 0x080001cb   Thumb Code     0  startup_stm32f411xe.o(.text)
    TIM1_CC_IRQHandler                       0x080001cb   Thumb Code     0  startup_stm32f411xe.o(.text)
    TIM1_TRG_COM_TIM11_IRQHandler            0x080001cb   Thumb Code     0  startup_stm32f411xe.o(.text)
    TIM1_UP_TIM10_IRQHandler                 0x080001cb   Thumb Code     0  startup_stm32f411xe.o(.text)
    TIM2_IRQHandler                          0x080001cb   Thumb Code     0  startup_stm32f411xe.o(.text)
    TIM3_IRQHandler                          0x080001cb   Thumb Code     0  startup_stm32f411xe.o(.text)
    TIM4_IRQHandler                          0x080001cb   Thumb Code     0  startup_stm32f411xe.o(.text)
    TIM5_IRQHandler                          0x080001cb   Thumb Code     0  startup_stm32f411xe.o(.text)
    WWDG_IRQHandler                          0x080001cb   Thumb Code     0  startup_stm32f411xe.o(.text)
    __aeabi_uidiv                            0x080001d5   Thumb Code     0  uidiv.o(.text)
    __aeabi_uidivmod                         0x080001d5   Thumb Code    44  uidiv.o(.text)
    __aeabi_uldivmod                         0x08000201   Thumb Code    98  uldiv.o(.text)
    qsort                                    0x08000263   Thumb Code   156  qsort.o(.text)
    ___aeabi_memcpy8$move                    0x080002ff   Thumb Code     0  memmovea.o(.text)
    __aeabi_memcpy                           0x080002ff   Thumb Code    64  memmovea.o(.text)
    __aeabi_memcpy4                          0x080002ff   Thumb Code     0  memmovea.o(.text)
    __aeabi_memmove                          0x080002ff   Thumb Code     0  memmovea.o(.text)
    __aeabi_memmove4                         0x080002ff   Thumb Code     0  memmovea.o(.text)
    __aeabi_memmove8                         0x080002ff   Thumb Code     0  memmovea.o(.text)
    __aeabi_memset                           0x0800033f   Thumb Code    14  memseta.o(.text)
    __aeabi_memset4                          0x0800033f   Thumb Code     0  memseta.o(.text)
    __aeabi_memset8                          0x0800033f   Thumb Code     0  memseta.o(.text)
    __aeabi_memclr                           0x0800034d   Thumb Code     4  memseta.o(.text)
    __aeabi_memclr4                          0x0800034d   Thumb Code     0  memseta.o(.text)
    __aeabi_memclr8                          0x0800034d   Thumb Code     0  memseta.o(.text)
    _memset$wrapper                          0x08000351   Thumb Code    18  memseta.o(.text)
    strchr                                   0x08000363   Thumb Code    20  strchr.o(.text)
    strlen                                   0x08000377   Thumb Code    14  strlen.o(.text)
    strcmp                                   0x08000385   Thumb Code    28  strcmp.o(.text)
    strcpy                                   0x080003a1   Thumb Code    18  strcpy.o(.text)
    __aeabi_ddiv                             0x080003b3   Thumb Code   222  ddiv.o(.text)
    __aeabi_ui2d                             0x08000491   Thumb Code    26  dfltui.o(.text)
    __aeabi_d2iz                             0x080004ab   Thumb Code    62  dfixi.o(.text)
    __aeabi_f2d                              0x080004e9   Thumb Code    38  f2d.o(.text)
    __aeabi_llsl                             0x0800050f   Thumb Code    30  llshl.o(.text)
    _ll_shift_l                              0x0800050f   Thumb Code     0  llshl.o(.text)
    __aeabi_llsr                             0x0800052d   Thumb Code    32  llushr.o(.text)
    _ll_ushift_r                             0x0800052d   Thumb Code     0  llushr.o(.text)
    __I$use$fp                               0x0800054d   Thumb Code     0  iusefp.o(.text)
    _double_round                            0x0800054d   Thumb Code    30  depilogue.o(.text)
    _double_epilogue                         0x0800056b   Thumb Code   156  depilogue.o(.text)
    __aeabi_dadd                             0x08000607   Thumb Code   322  dadd.o(.text)
    __aeabi_dsub                             0x08000749   Thumb Code     6  dadd.o(.text)
    __aeabi_drsub                            0x0800074f   Thumb Code     6  dadd.o(.text)
    __aeabi_dmul                             0x08000755   Thumb Code   228  dmul.o(.text)
    __aeabi_d2ulz                            0x08000839   Thumb Code    48  dfixul.o(.text)
    __aeabi_cdrcmple                         0x08000869   Thumb Code    48  cdrcmple.o(.text)
    __scatterload                            0x08000899   Thumb Code    28  init.o(.text)
    __scatterload_rt2                        0x08000899   Thumb Code     0  init.o(.text)
    __aeabi_lasr                             0x080008bd   Thumb Code    36  llsshr.o(.text)
    _ll_sshift_r                             0x080008bd   Thumb Code     0  llsshr.o(.text)
    BH1750_Dat_To_Lux                        0x080008e1   Thumb Code    42  bh1750_i2c_drv.o(i.BH1750_Dat_To_Lux)
    BH1750_Read_Dat                          0x08000915   Thumb Code    22  bh1750_i2c_drv.o(i.BH1750_Read_Dat)
    BH1750_Send_Cmd                          0x08000931   Thumb Code    24  bh1750_i2c_drv.o(i.BH1750_Send_Cmd)
    BusFault_Handler                         0x0800094d   Thumb Code     2  stm32f4xx_it.o(i.BusFault_Handler)
    CheckCrc8                                0x0800094f   Thumb Code    48  sht30.o(i.CheckCrc8)
    DMA1_Stream5_IRQHandler                  0x08000981   Thumb Code     6  stm32f4xx_it.o(i.DMA1_Stream5_IRQHandler)
    DMA2_Stream1_IRQHandler                  0x0800098d   Thumb Code     6  stm32f4xx_it.o(i.DMA2_Stream1_IRQHandler)
    DMA2_Stream2_IRQHandler                  0x08000999   Thumb Code     6  stm32f4xx_it.o(i.DMA2_Stream2_IRQHandler)
    DebugMon_Handler                         0x08000a49   Thumb Code     2  stm32f4xx_it.o(i.DebugMon_Handler)
    Error_Handler                            0x08000a4b   Thumb Code     4  main.o(i.Error_Handler)
    HAL_DMA_Abort                            0x08000a4f   Thumb Code   146  stm32f4xx_hal_dma.o(i.HAL_DMA_Abort)
    HAL_DMA_Abort_IT                         0x08000ae1   Thumb Code    36  stm32f4xx_hal_dma.o(i.HAL_DMA_Abort_IT)
    HAL_DMA_IRQHandler                       0x08000b05   Thumb Code   412  stm32f4xx_hal_dma.o(i.HAL_DMA_IRQHandler)
    HAL_DMA_Init                             0x08000ca5   Thumb Code   206  stm32f4xx_hal_dma.o(i.HAL_DMA_Init)
    HAL_DMA_Start_IT                         0x08000d79   Thumb Code   110  stm32f4xx_hal_dma.o(i.HAL_DMA_Start_IT)
    HAL_GPIO_Init                            0x08000de9   Thumb Code   446  stm32f4xx_hal_gpio.o(i.HAL_GPIO_Init)
    HAL_GPIO_WritePin                        0x08000fc9   Thumb Code    10  stm32f4xx_hal_gpio.o(i.HAL_GPIO_WritePin)
    HAL_GetTick                              0x08000fd5   Thumb Code     6  stm32f4xx_hal.o(i.HAL_GetTick)
    HAL_I2C_Init                             0x08000fe1   Thumb Code   376  stm32f4xx_hal_i2c.o(i.HAL_I2C_Init)
    HAL_I2C_Master_Receive                   0x08001169   Thumb Code   468  stm32f4xx_hal_i2c.o(i.HAL_I2C_Master_Receive)
    HAL_I2C_Master_Transmit                  0x08001349   Thumb Code   290  stm32f4xx_hal_i2c.o(i.HAL_I2C_Master_Transmit)
    HAL_I2C_MspInit                          0x08001475   Thumb Code   276  i2c.o(i.HAL_I2C_MspInit)
    HAL_IncTick                              0x080015a1   Thumb Code    12  stm32f4xx_hal.o(i.HAL_IncTick)
    HAL_Init                                 0x080015b1   Thumb Code    48  stm32f4xx_hal.o(i.HAL_Init)
    HAL_InitTick                             0x080015e5   Thumb Code    54  stm32f4xx_hal.o(i.HAL_InitTick)
    HAL_MspInit                              0x08001625   Thumb Code    42  stm32f4xx_hal_msp.o(i.HAL_MspInit)
    HAL_NVIC_EnableIRQ                       0x08001655   Thumb Code    26  stm32f4xx_hal_cortex.o(i.HAL_NVIC_EnableIRQ)
    HAL_NVIC_SetPriority                     0x08001671   Thumb Code    60  stm32f4xx_hal_cortex.o(i.HAL_NVIC_SetPriority)
    HAL_NVIC_SetPriorityGrouping             0x080016b1   Thumb Code    26  stm32f4xx_hal_cortex.o(i.HAL_NVIC_SetPriorityGrouping)
    HAL_RCC_ClockConfig                      0x080016d5   Thumb Code   288  stm32f4xx_hal_rcc.o(i.HAL_RCC_ClockConfig)
    HAL_RCC_GetPCLK1Freq                     0x08001809   Thumb Code    20  stm32f4xx_hal_rcc.o(i.HAL_RCC_GetPCLK1Freq)
    HAL_RCC_GetPCLK2Freq                     0x08001829   Thumb Code    20  stm32f4xx_hal_rcc.o(i.HAL_RCC_GetPCLK2Freq)
    HAL_RCC_GetSysClockFreq                  0x08001849   Thumb Code    88  stm32f4xx_hal_rcc.o(i.HAL_RCC_GetSysClockFreq)
    HAL_RCC_OscConfig                        0x080018ad   Thumb Code   856  stm32f4xx_hal_rcc.o(i.HAL_RCC_OscConfig)
    HAL_SYSTICK_CLKSourceConfig              0x08001c19   Thumb Code    24  stm32f4xx_hal_cortex.o(i.HAL_SYSTICK_CLKSourceConfig)
    HAL_SYSTICK_Config                       0x08001c31   Thumb Code    40  stm32f4xx_hal_cortex.o(i.HAL_SYSTICK_Config)
    HAL_UARTEx_RxEventCallback               0x08001c59   Thumb Code     2  stm32f4xx_hal_uart.o(i.HAL_UARTEx_RxEventCallback)
    HAL_UART_DMAStop                         0x08001c5b   Thumb Code   112  stm32f4xx_hal_uart.o(i.HAL_UART_DMAStop)
    HAL_UART_ErrorCallback                   0x08001ccb   Thumb Code     2  stm32f4xx_hal_uart.o(i.HAL_UART_ErrorCallback)
    HAL_UART_IRQHandler                      0x08001ccd   Thumb Code   610  stm32f4xx_hal_uart.o(i.HAL_UART_IRQHandler)
    HAL_UART_Init                            0x08001f35   Thumb Code    98  stm32f4xx_hal_uart.o(i.HAL_UART_Init)
    HAL_UART_MspInit                         0x08001f99   Thumb Code   552  usart.o(i.HAL_UART_MspInit)
    HAL_UART_Receive_DMA                     0x080021e1   Thumb Code    42  stm32f4xx_hal_uart.o(i.HAL_UART_Receive_DMA)
    HAL_UART_RxCpltCallback                  0x0800220b   Thumb Code     2  stm32f4xx_hal_uart.o(i.HAL_UART_RxCpltCallback)
    HAL_UART_RxHalfCpltCallback              0x0800220d   Thumb Code     2  stm32f4xx_hal_uart.o(i.HAL_UART_RxHalfCpltCallback)
    HAL_UART_Transmit                        0x08002211   Thumb Code   178  stm32f4xx_hal_uart.o(i.HAL_UART_Transmit)
    HAL_UART_TxCpltCallback                  0x080022c3   Thumb Code     2  stm32f4xx_hal_uart.o(i.HAL_UART_TxCpltCallback)
    HardFault_Handler                        0x080022c5   Thumb Code     2  stm32f4xx_it.o(i.HardFault_Handler)
    MU_USART_init                            0x08002679   Thumb Code    80  mu_usart.o(i.MU_USART_init)
    MX_DMA_Init                              0x080026ed   Thumb Code    88  dma.o(i.MX_DMA_Init)
    MX_GPIO_Init                             0x08002749   Thumb Code   130  gpio.o(i.MX_GPIO_Init)
    MX_I2C1_Init                             0x080027d9   Thumb Code    50  i2c.o(i.MX_I2C1_Init)
    MX_I2C2_Init                             0x08002819   Thumb Code    50  i2c.o(i.MX_I2C2_Init)
    MX_I2C3_Init                             0x08002859   Thumb Code    50  i2c.o(i.MX_I2C3_Init)
    MX_USART1_UART_Init                      0x08002899   Thumb Code    48  usart.o(i.MX_USART1_UART_Init)
    MX_USART2_UART_Init                      0x080028d1   Thumb Code    48  usart.o(i.MX_USART2_UART_Init)
    MX_USART6_UART_Init                      0x08002909   Thumb Code    48  usart.o(i.MX_USART6_UART_Init)
    MemManage_Handler                        0x08002941   Thumb Code     2  stm32f4xx_it.o(i.MemManage_Handler)
    NMI_Handler                              0x08002943   Thumb Code     2  stm32f4xx_it.o(i.NMI_Handler)
    OLED_Clear                               0x08002945   Thumb Code    52  oled.o(i.OLED_Clear)
    OLED_Init                                0x08002979   Thumb Code   194  oled.o(i.OLED_Init)
    OLED_Set_Pos                             0x08002a3b   Thumb Code    38  oled.o(i.OLED_Set_Pos)
    OLED_ShowChar                            0x08002a61   Thumb Code   126  oled.o(i.OLED_ShowChar)
    OLED_ShowString                          0x08002ae9   Thumb Code    54  oled.o(i.OLED_ShowString)
    PendSV_Handler                           0x08002b69   Thumb Code     2  stm32f4xx_it.o(i.PendSV_Handler)
    SHT30_Dat_To_Float                       0x08002b6d   Thumb Code   108  sht30.o(i.SHT30_Dat_To_Float)
    SHT30_Init                               0x08002be9   Thumb Code     8  sht30.o(i.SHT30_Init)
    SHT30_Read_Dat                           0x08002bf1   Thumb Code    32  sht30.o(i.SHT30_Read_Dat)
    SHT30_reset                              0x08002c39   Thumb Code    20  sht30.o(i.SHT30_reset)
    SVC_Handler                              0x08002c4d   Thumb Code     2  stm32f4xx_it.o(i.SVC_Handler)
    SysTick_Handler                          0x08002c4f   Thumb Code     4  stm32f4xx_it.o(i.SysTick_Handler)
    SystemClock_Config                       0x08002c55   Thumb Code   136  main.o(i.SystemClock_Config)
    SystemInit                               0x08002ce5   Thumb Code    12  system_stm32f4xx.o(i.SystemInit)
    UART_Start_Receive_DMA                   0x08003021   Thumb Code   130  stm32f4xx_hal_uart.o(i.UART_Start_Receive_DMA)
    USART1_IRQHandler                        0x08003129   Thumb Code    18  stm32f4xx_it.o(i.USART1_IRQHandler)
    USART2_IRQHandler                        0x08003141   Thumb Code    18  stm32f4xx_it.o(i.USART2_IRQHandler)
    USART6_IRQHandler                        0x08003159   Thumb Code    18  stm32f4xx_it.o(i.USART6_IRQHandler)
    USER_UART_IRQHandler                     0x08003171   Thumb Code   250  mu_usart.o(i.USER_UART_IRQHandler)
    UsageFault_Handler                       0x0800329d   Thumb Code     2  stm32f4xx_it.o(i.UsageFault_Handler)
    __0printf                                0x080032a1   Thumb Code    22  printfa.o(i.__0printf)
    __1printf                                0x080032a1   Thumb Code     0  printfa.o(i.__0printf)
    __2printf                                0x080032a1   Thumb Code     0  printfa.o(i.__0printf)
    __c89printf                              0x080032a1   Thumb Code     0  printfa.o(i.__0printf)
    printf                                   0x080032a1   Thumb Code     0  printfa.o(i.__0printf)
    __0snprintf                              0x080032c1   Thumb Code    48  printfa.o(i.__0snprintf)
    __1snprintf                              0x080032c1   Thumb Code     0  printfa.o(i.__0snprintf)
    __2snprintf                              0x080032c1   Thumb Code     0  printfa.o(i.__0snprintf)
    __c89snprintf                            0x080032c1   Thumb Code     0  printfa.o(i.__0snprintf)
    snprintf                                 0x080032c1   Thumb Code     0  printfa.o(i.__0snprintf)
    __0sprintf                               0x080032f5   Thumb Code    34  printfa.o(i.__0sprintf)
    __1sprintf                               0x080032f5   Thumb Code     0  printfa.o(i.__0sprintf)
    __2sprintf                               0x080032f5   Thumb Code     0  printfa.o(i.__0sprintf)
    __c89sprintf                             0x080032f5   Thumb Code     0  printfa.o(i.__0sprintf)
    sprintf                                  0x080032f5   Thumb Code     0  printfa.o(i.__0sprintf)
    __0vsnprintf                             0x0800331d   Thumb Code    46  printfa.o(i.__0vsnprintf)
    __1vsnprintf                             0x0800331d   Thumb Code     0  printfa.o(i.__0vsnprintf)
    __2vsnprintf                             0x0800331d   Thumb Code     0  printfa.o(i.__0vsnprintf)
    __c89vsnprintf                           0x0800331d   Thumb Code     0  printfa.o(i.__0vsnprintf)
    vsnprintf                                0x0800331d   Thumb Code     0  printfa.o(i.__0vsnprintf)
    __ARM_common_switch8                     0x08003351   Thumb Code    26  dump.o(i.__ARM_common_switch8)
    __ARM_isinf                              0x0800336b   Thumb Code    22  value.o(i.__ARM_isinf)
    __ARM_isnan                              0x08003381   Thumb Code    20  value.o(i.__ARM_isnan)
    __scatterload_copy                       0x080033b9   Thumb Code    14  handlers.o(i.__scatterload_copy)
    __scatterload_null                       0x080033c7   Thumb Code     2  handlers.o(i.__scatterload_null)
    __scatterload_zeroinit                   0x080033c9   Thumb Code    14  handlers.o(i.__scatterload_zeroinit)
    delay_init                               0x08003cb1   Thumb Code    16  delay.o(i.delay_init)
    delay_ms                                 0x08003cc5   Thumb Code    26  delay.o(i.delay_ms)
    delay_us                                 0x08003ce1   Thumb Code    48  delay.o(i.delay_us)
    fputc                                    0x08004265   Thumb Code    14  mu_usart.o(i.fputc)
    free                                     0x08004279   Thumb Code    76  malloc.o(i.free)
    hashtable_close                          0x0800440d   Thumb Code    16  hashtable.o(i.hashtable_close)
    hashtable_get                            0x080044f1   Thumb Code    58  hashtable.o(i.hashtable_get)
    hashtable_init                           0x08004531   Thumb Code    72  hashtable.o(i.hashtable_init)
    hashtable_iter                           0x08004579   Thumb Code    12  hashtable.o(i.hashtable_iter)
    hashtable_iter_key                       0x08004585   Thumb Code     4  hashtable.o(i.hashtable_iter_key)
    hashtable_iter_next                      0x08004589   Thumb Code    14  hashtable.o(i.hashtable_iter_next)
    hashtable_iter_serial                    0x08004597   Thumb Code     4  hashtable.o(i.hashtable_iter_serial)
    hashtable_iter_value                     0x0800459b   Thumb Code     4  hashtable.o(i.hashtable_iter_value)
    hashtable_set                            0x080045a1   Thumb Code   168  hashtable.o(i.hashtable_set)
    json_array                               0x08004677   Thumb Code    54  value.o(i.json_array)
    json_array_append_new                    0x080046ad   Thumb Code    68  value.o(i.json_array_append_new)
    json_array_get                           0x080046f5   Thumb Code    28  value.o(i.json_array_get)
    json_array_size                          0x0800475d   Thumb Code    18  value.o(i.json_array_size)
    json_delete                              0x080047b7   Thumb Code    84  value.o(i.json_delete)
    json_dump_callback                       0x0800480b   Thumb Code    42  dump.o(i.json_dump_callback)
    json_dumps                               0x08004835   Thumb Code    62  dump.o(i.json_dumps)
    json_false                               0x08004879   Thumb Code     4  value.o(i.json_false)
    json_integer                             0x08004891   Thumb Code    28  value.o(i.json_integer)
    json_integer_value                       0x080048ad   Thumb Code    24  value.o(i.json_integer_value)
    json_null                                0x080048c5   Thumb Code     4  value.o(i.json_null)
    json_object                              0x080048cd   Thumb Code    70  value.o(i.json_object)
    json_object_get                          0x08004919   Thumb Code    28  value.o(i.json_object_get)
    json_object_iter                         0x08004935   Thumb Code    24  value.o(i.json_object_iter)
    json_object_iter_key                     0x0800494d   Thumb Code    12  value.o(i.json_object_iter_key)
    json_object_iter_next                    0x08004959   Thumb Code    28  value.o(i.json_object_iter_next)
    json_object_iter_value                   0x08004975   Thumb Code    12  value.o(i.json_object_iter_value)
    json_object_seed                         0x08004981   Thumb Code    34  hashtable_seed.o(i.json_object_seed)
    json_object_set_new_nocheck              0x080049a9   Thumb Code    58  value.o(i.json_object_set_new_nocheck)
    json_object_size                         0x080049e9   Thumb Code    18  value.o(i.json_object_size)
    json_pack                                0x080049fb   Thumb Code    24  pack_unpack.o(i.json_pack)
    json_real                                0x08004a13   Thumb Code    52  value.o(i.json_real)
    json_real_value                          0x08004a47   Thumb Code    24  value.o(i.json_real_value)
    json_string_length                       0x08004a5f   Thumb Code    18  value.o(i.json_string_length)
    json_string_value                        0x08004a71   Thumb Code    18  value.o(i.json_string_value)
    json_stringn_nocheck                     0x08004a83   Thumb Code    10  value.o(i.json_stringn_nocheck)
    json_true                                0x08004a8d   Thumb Code     4  value.o(i.json_true)
    json_vpack_ex                            0x08004a95   Thumb Code   128  pack_unpack.o(i.json_vpack_ex)
    jsonp_dtostr                             0x08004b59   Thumb Code   150  strconv.o(i.jsonp_dtostr)
    jsonp_error_init                         0x08004bf9   Thumb Code    34  error.o(i.jsonp_error_init)
    jsonp_error_set                          0x08004c1b   Thumb Code    16  error.o(i.jsonp_error_set)
    jsonp_error_set_source                   0x08004c2d   Thumb Code    56  error.o(i.jsonp_error_set_source)
    jsonp_error_vset                         0x08004c69   Thumb Code    44  error.o(i.jsonp_error_vset)
    jsonp_free                               0x08004c95   Thumb Code    12  memory.o(i.jsonp_free)
    jsonp_malloc                             0x08004ca5   Thumb Code    12  memory.o(i.jsonp_malloc)
    jsonp_strdup                             0x08004cb5   Thumb Code    18  memory.o(i.jsonp_strdup)
    jsonp_stringn_nocheck_own                0x08004cc7   Thumb Code    10  value.o(i.jsonp_stringn_nocheck_own)
    jsonp_strndup                            0x08004cd1   Thumb Code    36  memory.o(i.jsonp_strndup)
    main                                     0x08004d05   Thumb Code   498  main.o(i.main)
    malloc                                   0x08004ff5   Thumb Code    92  malloc.o(i.malloc)
    seed_from_timestamp_and_pid              0x0800559d   Thumb Code     4  jansson_config.o(i.seed_from_timestamp_and_pid)
    strbuffer_append_bytes                   0x080055cd   Thumb Code   108  strbuffer.o(i.strbuffer_append_bytes)
    strbuffer_close                          0x0800563d   Thumb Code    24  strbuffer.o(i.strbuffer_close)
    strbuffer_init                           0x08005655   Thumb Code    34  strbuffer.o(i.strbuffer_init)
    strbuffer_steal_value                    0x08005677   Thumb Code    10  strbuffer.o(i.strbuffer_steal_value)
    strbuffer_value                          0x08005681   Thumb Code     4  strbuffer.o(i.strbuffer_value)
    utf8_check_first                         0x080056c3   Thumb Code    60  utf.o(i.utf8_check_first)
    utf8_check_full                          0x08005701   Thumb Code   126  utf.o(i.utf8_check_full)
    utf8_check_string                        0x08005789   Thumb Code    62  utf.o(i.utf8_check_string)
    utf8_iterate                             0x080057c7   Thumb Code    64  utf.o(i.utf8_iterate)
    AHBPrescTable                            0x0800580e   Data          16  system_stm32f4xx.o(.constdata)
    APBPrescTable                            0x0800581e   Data           8  system_stm32f4xx.o(.constdata)
    F6x8                                     0x08005826   Data         552  oled.o(.constdata)
    F8X16                                    0x08005a4e   Data        1520  oled.o(.constdata)
    Region$$Table$$Base                      0x08006060   Number         0  anon$$obj.o(Region$$Table)
    Region$$Table$$Limit                     0x08006080   Number         0  anon$$obj.o(Region$$Table)
    root                                     0x20000000   Data           4  main.o(.data)
    result                                   0x20000004   Data           4  main.o(.data)
    uwTickFreq                               0x20000008   Data           1  stm32f4xx_hal.o(.data)
    uwTickPrio                               0x2000000c   Data           4  stm32f4xx_hal.o(.data)
    uwTick                                   0x20000010   Data           4  stm32f4xx_hal.o(.data)
    SystemCoreClock                          0x20000014   Data           4  system_stm32f4xx.o(.data)
    usart1_rx_flag                           0x2000001c   Data           1  mu_usart.o(.data)
    usart2_rx_flag                           0x2000001d   Data           1  mu_usart.o(.data)
    usart6_rx_flag                           0x2000001e   Data           1  mu_usart.o(.data)
    data_length                              0x2000001f   Data           1  mu_usart.o(.data)
    hashtable_seed                           0x20000040   Data           4  hashtable_seed.o(.data)
    __stdout                                 0x20000044   Data           4  stdout.o(.data)
    __microlib_freelist                      0x20000048   Data           4  mvars.o(.data)
    __microlib_freelist_initialised          0x2000004c   Data           4  mvars.o(.data)
    hi2c1                                    0x20000050   Data          84  i2c.o(.bss)
    hi2c2                                    0x200000a4   Data          84  i2c.o(.bss)
    hi2c3                                    0x200000f8   Data          84  i2c.o(.bss)
    huart1                                   0x2000014c   Data          68  usart.o(.bss)
    huart2                                   0x20000190   Data          68  usart.o(.bss)
    huart6                                   0x200001d4   Data          68  usart.o(.bss)
    hdma_usart1_rx                           0x20000218   Data          96  usart.o(.bss)
    hdma_usart2_rx                           0x20000278   Data          96  usart.o(.bss)
    hdma_usart6_rx                           0x200002d8   Data          96  usart.o(.bss)
    tx6_buff                                 0x20000338   Data         255  mu_usart.o(.bss)
    rx1_buff                                 0x20000437   Data         255  mu_usart.o(.bss)
    rx2_buff                                 0x20000536   Data         255  mu_usart.o(.bss)
    rx6_buff                                 0x20000635   Data         255  mu_usart.o(.bss)
    __heap_base                              0x20000738   Data           0  startup_stm32f411xe.o(HEAP)
    __heap_limit                             0x20001738   Data           0  startup_stm32f411xe.o(HEAP)
    __initial_sp                             0x20001b38   Data           0  startup_stm32f411xe.o(STACK)



==============================================================================

Memory Map of the image

  Image Entry point : 0x08000199

  Load Region LR_IROM1 (Base: 0x08000000, Size: 0x000060d0, Max: 0x00080000, ABSOLUTE)

    Execution Region ER_IROM1 (Exec base: 0x08000000, Load base: 0x08000000, Size: 0x00006080, Max: 0x00080000, ABSOLUTE)

    Exec Addr    Load Addr    Size         Type   Attr      Idx    E Section Name        Object

    0x08000000   0x08000000   0x00000198   Data   RO            3    RESET               startup_stm32f411xe.o
    0x08000198   0x08000198   0x00000000   Code   RO         4063  * .ARM.Collect$$$$00000000  mc_w.l(entry.o)
    0x08000198   0x08000198   0x00000004   Code   RO         4410    .ARM.Collect$$$$00000001  mc_w.l(entry2.o)
    0x0800019c   0x0800019c   0x00000004   Code   RO         4413    .ARM.Collect$$$$00000004  mc_w.l(entry5.o)
    0x080001a0   0x080001a0   0x00000000   Code   RO         4415    .ARM.Collect$$$$00000008  mc_w.l(entry7b.o)
    0x080001a0   0x080001a0   0x00000000   Code   RO         4417    .ARM.Collect$$$$0000000A  mc_w.l(entry8b.o)
    0x080001a0   0x080001a0   0x00000008   Code   RO         4418    .ARM.Collect$$$$0000000B  mc_w.l(entry9a.o)
    0x080001a8   0x080001a8   0x00000004   Code   RO         4425    .ARM.Collect$$$$0000000E  mc_w.l(entry12b.o)
    0x080001ac   0x080001ac   0x00000000   Code   RO         4420    .ARM.Collect$$$$0000000F  mc_w.l(entry10a.o)
    0x080001ac   0x080001ac   0x00000000   Code   RO         4422    .ARM.Collect$$$$00000011  mc_w.l(entry11a.o)
    0x080001ac   0x080001ac   0x00000004   Code   RO         4411    .ARM.Collect$$$$00002712  mc_w.l(entry2.o)
    0x080001b0   0x080001b0   0x00000024   Code   RO            4    .text               startup_stm32f411xe.o
    0x080001d4   0x080001d4   0x0000002c   Code   RO         4074    .text               mc_w.l(uidiv.o)
    0x08000200   0x08000200   0x00000062   Code   RO         4076    .text               mc_w.l(uldiv.o)
    0x08000262   0x08000262   0x0000009c   Code   RO         4078    .text               mc_w.l(qsort.o)
    0x080002fe   0x080002fe   0x00000040   Code   RO         4084    .text               mc_w.l(memmovea.o)
    0x0800033e   0x0800033e   0x00000024   Code   RO         4086    .text               mc_w.l(memseta.o)
    0x08000362   0x08000362   0x00000014   Code   RO         4088    .text               mc_w.l(strchr.o)
    0x08000376   0x08000376   0x0000000e   Code   RO         4090    .text               mc_w.l(strlen.o)
    0x08000384   0x08000384   0x0000001c   Code   RO         4092    .text               mc_w.l(strcmp.o)
    0x080003a0   0x080003a0   0x00000012   Code   RO         4096    .text               mc_w.l(strcpy.o)
    0x080003b2   0x080003b2   0x000000de   Code   RO         4398    .text               mf_w.l(ddiv.o)
    0x08000490   0x08000490   0x0000001a   Code   RO         4400    .text               mf_w.l(dfltui.o)
    0x080004aa   0x080004aa   0x0000003e   Code   RO         4404    .text               mf_w.l(dfixi.o)
    0x080004e8   0x080004e8   0x00000026   Code   RO         4406    .text               mf_w.l(f2d.o)
    0x0800050e   0x0800050e   0x0000001e   Code   RO         4427    .text               mc_w.l(llshl.o)
    0x0800052c   0x0800052c   0x00000020   Code   RO         4429    .text               mc_w.l(llushr.o)
    0x0800054c   0x0800054c   0x00000000   Code   RO         4435    .text               mc_w.l(iusefp.o)
    0x0800054c   0x0800054c   0x000000ba   Code   RO         4436    .text               mf_w.l(depilogue.o)
    0x08000606   0x08000606   0x0000014e   Code   RO         4438    .text               mf_w.l(dadd.o)
    0x08000754   0x08000754   0x000000e4   Code   RO         4440    .text               mf_w.l(dmul.o)
    0x08000838   0x08000838   0x00000030   Code   RO         4442    .text               mf_w.l(dfixul.o)
    0x08000868   0x08000868   0x00000030   Code   RO         4444    .text               mf_w.l(cdrcmple.o)
    0x08000898   0x08000898   0x00000024   Code   RO         4446    .text               mc_w.l(init.o)
    0x080008bc   0x080008bc   0x00000024   Code   RO         4448    .text               mc_w.l(llsshr.o)
    0x080008e0   0x080008e0   0x00000034   Code   RO         2820    i.BH1750_Dat_To_Lux  bh1750_i2c_drv.o
    0x08000914   0x08000914   0x0000001c   Code   RO         2821    i.BH1750_Read_Dat   bh1750_i2c_drv.o
    0x08000930   0x08000930   0x0000001c   Code   RO         2822    i.BH1750_Send_Cmd   bh1750_i2c_drv.o
    0x0800094c   0x0800094c   0x00000002   Code   RO          453    i.BusFault_Handler  stm32f4xx_it.o
    0x0800094e   0x0800094e   0x00000030   Code   RO         2856    i.CheckCrc8         sht30.o
    0x0800097e   0x0800097e   0x00000002   PAD
    0x08000980   0x08000980   0x0000000c   Code   RO          454    i.DMA1_Stream5_IRQHandler  stm32f4xx_it.o
    0x0800098c   0x0800098c   0x0000000c   Code   RO          455    i.DMA2_Stream1_IRQHandler  stm32f4xx_it.o
    0x08000998   0x08000998   0x0000000c   Code   RO          456    i.DMA2_Stream2_IRQHandler  stm32f4xx_it.o
    0x080009a4   0x080009a4   0x00000028   Code   RO         1575    i.DMA_CalcBaseAndBitshift  stm32f4xx_hal_dma.o
    0x080009cc   0x080009cc   0x00000054   Code   RO         1576    i.DMA_CheckFifoParam  stm32f4xx_hal_dma.o
    0x08000a20   0x08000a20   0x00000028   Code   RO         1577    i.DMA_SetConfig     stm32f4xx_hal_dma.o
    0x08000a48   0x08000a48   0x00000002   Code   RO          457    i.DebugMon_Handler  stm32f4xx_it.o
    0x08000a4a   0x08000a4a   0x00000004   Code   RO           13    i.Error_Handler     main.o
    0x08000a4e   0x08000a4e   0x00000092   Code   RO         1578    i.HAL_DMA_Abort     stm32f4xx_hal_dma.o
    0x08000ae0   0x08000ae0   0x00000024   Code   RO         1579    i.HAL_DMA_Abort_IT  stm32f4xx_hal_dma.o
    0x08000b04   0x08000b04   0x000001a0   Code   RO         1583    i.HAL_DMA_IRQHandler  stm32f4xx_hal_dma.o
    0x08000ca4   0x08000ca4   0x000000d4   Code   RO         1584    i.HAL_DMA_Init      stm32f4xx_hal_dma.o
    0x08000d78   0x08000d78   0x0000006e   Code   RO         1588    i.HAL_DMA_Start_IT  stm32f4xx_hal_dma.o
    0x08000de6   0x08000de6   0x00000002   PAD
    0x08000de8   0x08000de8   0x000001e0   Code   RO         1471    i.HAL_GPIO_Init     stm32f4xx_hal_gpio.o
    0x08000fc8   0x08000fc8   0x0000000a   Code   RO         1475    i.HAL_GPIO_WritePin  stm32f4xx_hal_gpio.o
    0x08000fd2   0x08000fd2   0x00000002   PAD
    0x08000fd4   0x08000fd4   0x0000000c   Code   RO         2027    i.HAL_GetTick       stm32f4xx_hal.o
    0x08000fe0   0x08000fe0   0x00000188   Code   RO          611    i.HAL_I2C_Init      stm32f4xx_hal_i2c.o
    0x08001168   0x08001168   0x000001e0   Code   RO          617    i.HAL_I2C_Master_Receive  stm32f4xx_hal_i2c.o
    0x08001348   0x08001348   0x0000012c   Code   RO          624    i.HAL_I2C_Master_Transmit  stm32f4xx_hal_i2c.o
    0x08001474   0x08001474   0x0000012c   Code   RO          346    i.HAL_I2C_MspInit   i2c.o
    0x080015a0   0x080015a0   0x00000010   Code   RO         2033    i.HAL_IncTick       stm32f4xx_hal.o
    0x080015b0   0x080015b0   0x00000034   Code   RO         2034    i.HAL_Init          stm32f4xx_hal.o
    0x080015e4   0x080015e4   0x00000040   Code   RO         2035    i.HAL_InitTick      stm32f4xx_hal.o
    0x08001624   0x08001624   0x00000030   Code   RO          576    i.HAL_MspInit       stm32f4xx_hal_msp.o
    0x08001654   0x08001654   0x0000001a   Code   RO         1884    i.HAL_NVIC_EnableIRQ  stm32f4xx_hal_cortex.o
    0x0800166e   0x0800166e   0x00000002   PAD
    0x08001670   0x08001670   0x00000040   Code   RO         1890    i.HAL_NVIC_SetPriority  stm32f4xx_hal_cortex.o
    0x080016b0   0x080016b0   0x00000024   Code   RO         1891    i.HAL_NVIC_SetPriorityGrouping  stm32f4xx_hal_cortex.o
    0x080016d4   0x080016d4   0x00000134   Code   RO         1063    i.HAL_RCC_ClockConfig  stm32f4xx_hal_rcc.o
    0x08001808   0x08001808   0x00000020   Code   RO         1070    i.HAL_RCC_GetPCLK1Freq  stm32f4xx_hal_rcc.o
    0x08001828   0x08001828   0x00000020   Code   RO         1071    i.HAL_RCC_GetPCLK2Freq  stm32f4xx_hal_rcc.o
    0x08001848   0x08001848   0x00000064   Code   RO         1072    i.HAL_RCC_GetSysClockFreq  stm32f4xx_hal_rcc.o
    0x080018ac   0x080018ac   0x0000036c   Code   RO         1075    i.HAL_RCC_OscConfig  stm32f4xx_hal_rcc.o
    0x08001c18   0x08001c18   0x00000018   Code   RO         1893    i.HAL_SYSTICK_CLKSourceConfig  stm32f4xx_hal_cortex.o
    0x08001c30   0x08001c30   0x00000028   Code   RO         1895    i.HAL_SYSTICK_Config  stm32f4xx_hal_cortex.o
    0x08001c58   0x08001c58   0x00000002   Code   RO         2319    i.HAL_UARTEx_RxEventCallback  stm32f4xx_hal_uart.o
    0x08001c5a   0x08001c5a   0x00000070   Code   RO         2331    i.HAL_UART_DMAStop  stm32f4xx_hal_uart.o
    0x08001cca   0x08001cca   0x00000002   Code   RO         2333    i.HAL_UART_ErrorCallback  stm32f4xx_hal_uart.o
    0x08001ccc   0x08001ccc   0x00000268   Code   RO         2336    i.HAL_UART_IRQHandler  stm32f4xx_hal_uart.o
    0x08001f34   0x08001f34   0x00000062   Code   RO         2337    i.HAL_UART_Init     stm32f4xx_hal_uart.o
    0x08001f96   0x08001f96   0x00000002   PAD
    0x08001f98   0x08001f98   0x00000248   Code   RO          400    i.HAL_UART_MspInit  usart.o
    0x080021e0   0x080021e0   0x0000002a   Code   RO         2341    i.HAL_UART_Receive_DMA  stm32f4xx_hal_uart.o
    0x0800220a   0x0800220a   0x00000002   Code   RO         2343    i.HAL_UART_RxCpltCallback  stm32f4xx_hal_uart.o
    0x0800220c   0x0800220c   0x00000002   Code   RO         2344    i.HAL_UART_RxHalfCpltCallback  stm32f4xx_hal_uart.o
    0x0800220e   0x0800220e   0x00000002   PAD
    0x08002210   0x08002210   0x000000b2   Code   RO         2345    i.HAL_UART_Transmit  stm32f4xx_hal_uart.o
    0x080022c2   0x080022c2   0x00000002   Code   RO         2348    i.HAL_UART_TxCpltCallback  stm32f4xx_hal_uart.o
    0x080022c4   0x080022c4   0x00000002   Code   RO          458    i.HardFault_Handler  stm32f4xx_it.o
    0x080022c6   0x080022c6   0x0000002e   Code   RO          653    i.I2C_IsAcknowledgeFailed  stm32f4xx_hal_i2c.o
    0x080022f4   0x080022f4   0x000000ec   Code   RO          656    i.I2C_MasterRequestRead  stm32f4xx_hal_i2c.o
    0x080023e0   0x080023e0   0x0000009c   Code   RO          657    i.I2C_MasterRequestWrite  stm32f4xx_hal_i2c.o
    0x0800247c   0x0800247c   0x0000004c   Code   RO          668    i.I2C_WaitOnBTFFlagUntilTimeout  stm32f4xx_hal_i2c.o
    0x080024c8   0x080024c8   0x00000068   Code   RO          669    i.I2C_WaitOnFlagUntilTimeout  stm32f4xx_hal_i2c.o
    0x08002530   0x08002530   0x00000096   Code   RO          670    i.I2C_WaitOnMasterAddressFlagUntilTimeout  stm32f4xx_hal_i2c.o
    0x080025c6   0x080025c6   0x00000066   Code   RO          671    i.I2C_WaitOnRXNEFlagUntilTimeout  stm32f4xx_hal_i2c.o
    0x0800262c   0x0800262c   0x0000004c   Code   RO          672    i.I2C_WaitOnTXEFlagUntilTimeout  stm32f4xx_hal_i2c.o
    0x08002678   0x08002678   0x00000074   Code   RO         2744    i.MU_USART_init     mu_usart.o
    0x080026ec   0x080026ec   0x0000005c   Code   RO          318    i.MX_DMA_Init       dma.o
    0x08002748   0x08002748   0x00000090   Code   RO          201    i.MX_GPIO_Init      gpio.o
    0x080027d8   0x080027d8   0x00000040   Code   RO          347    i.MX_I2C1_Init      i2c.o
    0x08002818   0x08002818   0x00000040   Code   RO          348    i.MX_I2C2_Init      i2c.o
    0x08002858   0x08002858   0x00000040   Code   RO          349    i.MX_I2C3_Init      i2c.o
    0x08002898   0x08002898   0x00000038   Code   RO          401    i.MX_USART1_UART_Init  usart.o
    0x080028d0   0x080028d0   0x00000038   Code   RO          402    i.MX_USART2_UART_Init  usart.o
    0x08002908   0x08002908   0x00000038   Code   RO          403    i.MX_USART6_UART_Init  usart.o
    0x08002940   0x08002940   0x00000002   Code   RO          459    i.MemManage_Handler  stm32f4xx_it.o
    0x08002942   0x08002942   0x00000002   Code   RO          460    i.NMI_Handler       stm32f4xx_it.o
    0x08002944   0x08002944   0x00000034   Code   RO         2916    i.OLED_Clear        oled.o
    0x08002978   0x08002978   0x000000c2   Code   RO         2920    i.OLED_Init         oled.o
    0x08002a3a   0x08002a3a   0x00000026   Code   RO         2922    i.OLED_Set_Pos      oled.o
    0x08002a60   0x08002a60   0x00000088   Code   RO         2924    i.OLED_ShowChar     oled.o
    0x08002ae8   0x08002ae8   0x00000036   Code   RO         2926    i.OLED_ShowString   oled.o
    0x08002b1e   0x08002b1e   0x00000002   PAD
    0x08002b20   0x08002b20   0x00000024   Code   RO         2927    i.OLED_Write_Cmd    oled.o
    0x08002b44   0x08002b44   0x00000024   Code   RO         2928    i.OLED_Write_Dat    oled.o
    0x08002b68   0x08002b68   0x00000002   Code   RO          461    i.PendSV_Handler    stm32f4xx_it.o
    0x08002b6a   0x08002b6a   0x00000002   PAD
    0x08002b6c   0x08002b6c   0x0000007c   Code   RO         2857    i.SHT30_Dat_To_Float  sht30.o
    0x08002be8   0x08002be8   0x00000008   Code   RO         2858    i.SHT30_Init        sht30.o
    0x08002bf0   0x08002bf0   0x00000024   Code   RO         2859    i.SHT30_Read_Dat    sht30.o
    0x08002c14   0x08002c14   0x00000024   Code   RO         2860    i.SHT30_Send_Cmd    sht30.o
    0x08002c38   0x08002c38   0x00000014   Code   RO         2861    i.SHT30_reset       sht30.o
    0x08002c4c   0x08002c4c   0x00000002   Code   RO          462    i.SVC_Handler       stm32f4xx_it.o
    0x08002c4e   0x08002c4e   0x00000004   Code   RO          463    i.SysTick_Handler   stm32f4xx_it.o
    0x08002c52   0x08002c52   0x00000002   PAD
    0x08002c54   0x08002c54   0x00000090   Code   RO           14    i.SystemClock_Config  main.o
    0x08002ce4   0x08002ce4   0x00000010   Code   RO         2666    i.SystemInit        system_stm32f4xx.o
    0x08002cf4   0x08002cf4   0x00000010   Code   RO         2350    i.UART_DMAAbortOnError  stm32f4xx_hal_uart.o
    0x08002d04   0x08002d04   0x0000004a   Code   RO         2351    i.UART_DMAError     stm32f4xx_hal_uart.o
    0x08002d4e   0x08002d4e   0x00000082   Code   RO         2352    i.UART_DMAReceiveCplt  stm32f4xx_hal_uart.o
    0x08002dd0   0x08002dd0   0x0000001a   Code   RO         2354    i.UART_DMARxHalfCplt  stm32f4xx_hal_uart.o
    0x08002dea   0x08002dea   0x0000004e   Code   RO         2360    i.UART_EndRxTransfer  stm32f4xx_hal_uart.o
    0x08002e38   0x08002e38   0x0000001c   Code   RO         2361    i.UART_EndTxTransfer  stm32f4xx_hal_uart.o
    0x08002e54   0x08002e54   0x000000c0   Code   RO         2362    i.UART_Receive_IT   stm32f4xx_hal_uart.o
    0x08002f14   0x08002f14   0x0000010c   Code   RO         2363    i.UART_SetConfig    stm32f4xx_hal_uart.o
    0x08003020   0x08003020   0x00000090   Code   RO         2364    i.UART_Start_Receive_DMA  stm32f4xx_hal_uart.o
    0x080030b0   0x080030b0   0x00000078   Code   RO         2366    i.UART_WaitOnFlagUntilTimeout  stm32f4xx_hal_uart.o
    0x08003128   0x08003128   0x00000018   Code   RO          464    i.USART1_IRQHandler  stm32f4xx_it.o
    0x08003140   0x08003140   0x00000018   Code   RO          465    i.USART2_IRQHandler  stm32f4xx_it.o
    0x08003158   0x08003158   0x00000018   Code   RO          466    i.USART6_IRQHandler  stm32f4xx_it.o
    0x08003170   0x08003170   0x0000012c   Code   RO         2745    i.USER_UART_IRQHandler  mu_usart.o
    0x0800329c   0x0800329c   0x00000002   Code   RO          467    i.UsageFault_Handler  stm32f4xx_it.o
    0x0800329e   0x0800329e   0x00000002   PAD
    0x080032a0   0x080032a0   0x00000020   Code   RO         4335    i.__0printf         mc_w.l(printfa.o)
    0x080032c0   0x080032c0   0x00000034   Code   RO         4336    i.__0snprintf       mc_w.l(printfa.o)
    0x080032f4   0x080032f4   0x00000028   Code   RO         4337    i.__0sprintf        mc_w.l(printfa.o)
    0x0800331c   0x0800331c   0x00000034   Code   RO         4340    i.__0vsnprintf      mc_w.l(printfa.o)
    0x08003350   0x08003350   0x0000001a   Code   RO         3088    i.__ARM_common_switch8  jansson_CM3LE.lib(dump.o)
    0x0800336a   0x0800336a   0x00000016   Code   RO         3615    i.__ARM_isinf       jansson_CM3LE.lib(value.o)
    0x08003380   0x08003380   0x00000018   Code   RO         3620    i.__ARM_isnan       jansson_CM3LE.lib(value.o)
    0x08003398   0x08003398   0x00000020   Code   RO         1897    i.__NVIC_SetPriority  stm32f4xx_hal_cortex.o
    0x080033b8   0x080033b8   0x0000000e   Code   RO         4469    i.__scatterload_copy  mc_w.l(handlers.o)
    0x080033c6   0x080033c6   0x00000002   Code   RO         4470    i.__scatterload_null  mc_w.l(handlers.o)
    0x080033c8   0x080033c8   0x0000000e   Code   RO         4471    i.__scatterload_zeroinit  mc_w.l(handlers.o)
    0x080033d6   0x080033d6   0x00000002   PAD
    0x080033d8   0x080033d8   0x00000184   Code   RO         4342    i._fp_digits        mc_w.l(printfa.o)
    0x0800355c   0x0800355c   0x000006b4   Code   RO         4343    i._printf_core      mc_w.l(printfa.o)
    0x08003c10   0x08003c10   0x00000024   Code   RO         4344    i._printf_post_padding  mc_w.l(printfa.o)
    0x08003c34   0x08003c34   0x0000002e   Code   RO         4345    i._printf_pre_padding  mc_w.l(printfa.o)
    0x08003c62   0x08003c62   0x00000016   Code   RO         4346    i._snputc           mc_w.l(printfa.o)
    0x08003c78   0x08003c78   0x0000000a   Code   RO         4347    i._sputc            mc_w.l(printfa.o)
    0x08003c82   0x08003c82   0x00000018   Code   RO         3269    i.array_copy        jansson_CM3LE.lib(value.o)
    0x08003c9a   0x08003c9a   0x00000016   Code   RO         3709    i.bucket_is_empty   jansson_CM3LE.lib(hashtable.o)
    0x08003cb0   0x08003cb0   0x00000014   Code   RO         2703    i.delay_init        delay.o
    0x08003cc4   0x08003cc4   0x0000001a   Code   RO         2704    i.delay_ms          delay.o
    0x08003cde   0x08003cde   0x00000002   PAD
    0x08003ce0   0x08003ce0   0x00000034   Code   RO         2705    i.delay_us          delay.o
    0x08003d14   0x08003d14   0x00000394   Code   RO         3026    i.do_dump           jansson_CM3LE.lib(dump.o)
    0x080040a8   0x080040a8   0x00000060   Code   RO         3027    i.dump_indent       jansson_CM3LE.lib(dump.o)
    0x08004108   0x08004108   0x0000014c   Code   RO         3028    i.dump_string       jansson_CM3LE.lib(dump.o)
    0x08004254   0x08004254   0x00000010   Code   RO         3030    i.dump_to_strbuffer  jansson_CM3LE.lib(dump.o)
    0x08004264   0x08004264   0x00000014   Code   RO         2746    i.fputc             mu_usart.o
    0x08004278   0x08004278   0x00000050   Code   RO         4363    i.free              mc_w.l(malloc.o)
    0x080042c8   0x080042c8   0x00000144   Code   RO         3710    i.hashlittle        jansson_CM3LE.lib(hashtable.o)
    0x0800440c   0x0800440c   0x00000010   Code   RO         3712    i.hashtable_close   jansson_CM3LE.lib(hashtable.o)
    0x0800441c   0x0800441c   0x00000022   Code   RO         3714    i.hashtable_do_clear  jansson_CM3LE.lib(hashtable.o)
    0x0800443e   0x0800443e   0x00000076   Code   RO         3716    i.hashtable_do_rehash  jansson_CM3LE.lib(hashtable.o)
    0x080044b4   0x080044b4   0x0000003c   Code   RO         3717    i.hashtable_find_pair  jansson_CM3LE.lib(hashtable.o)
    0x080044f0   0x080044f0   0x00000040   Code   RO         3718    i.hashtable_get     jansson_CM3LE.lib(hashtable.o)
    0x08004530   0x08004530   0x00000048   Code   RO         3719    i.hashtable_init    jansson_CM3LE.lib(hashtable.o)
    0x08004578   0x08004578   0x0000000c   Code   RO         3720    i.hashtable_iter    jansson_CM3LE.lib(hashtable.o)
    0x08004584   0x08004584   0x00000004   Code   RO         3722    i.hashtable_iter_key  jansson_CM3LE.lib(hashtable.o)
    0x08004588   0x08004588   0x0000000e   Code   RO         3723    i.hashtable_iter_next  jansson_CM3LE.lib(hashtable.o)
    0x08004596   0x08004596   0x00000004   Code   RO         3724    i.hashtable_iter_serial  jansson_CM3LE.lib(hashtable.o)
    0x0800459a   0x0800459a   0x00000004   Code   RO         3726    i.hashtable_iter_value  jansson_CM3LE.lib(hashtable.o)
    0x0800459e   0x0800459e   0x00000002   PAD
    0x080045a0   0x080045a0   0x000000ac   Code   RO         3727    i.hashtable_set     jansson_CM3LE.lib(hashtable.o)
    0x0800464c   0x0800464c   0x0000002a   Code   RO         3728    i.insert_to_bucket  jansson_CM3LE.lib(hashtable.o)
    0x08004676   0x08004676   0x00000036   Code   RO         3271    i.json_array        jansson_CM3LE.lib(value.o)
    0x080046ac   0x080046ac   0x00000048   Code   RO         3272    i.json_array_append_new  jansson_CM3LE.lib(value.o)
    0x080046f4   0x080046f4   0x0000001c   Code   RO         3275    i.json_array_get    jansson_CM3LE.lib(value.o)
    0x08004710   0x08004710   0x0000004c   Code   RO         3276    i.json_array_grow   jansson_CM3LE.lib(value.o)
    0x0800475c   0x0800475c   0x00000012   Code   RO         3280    i.json_array_size   jansson_CM3LE.lib(value.o)
    0x0800476e   0x0800476e   0x00000018   Code   RO         3134    i.json_decref       jansson_CM3LE.lib(pack_unpack.o)
    0x08004786   0x08004786   0x00000018   Code   RO         3282    i.json_decref       jansson_CM3LE.lib(value.o)
    0x0800479e   0x0800479e   0x00000018   Code   RO         3729    i.json_decref       jansson_CM3LE.lib(hashtable.o)
    0x080047b6   0x080047b6   0x00000054   Code   RO         3284    i.json_delete       jansson_CM3LE.lib(value.o)
    0x0800480a   0x0800480a   0x0000002a   Code   RO         3031    i.json_dump_callback  jansson_CM3LE.lib(dump.o)
    0x08004834   0x08004834   0x00000044   Code   RO         3034    i.json_dumps        jansson_CM3LE.lib(dump.o)
    0x08004878   0x08004878   0x00000008   Code   RO         3286    i.json_false        jansson_CM3LE.lib(value.o)
    0x08004880   0x08004880   0x00000010   Code   RO         3135    i.json_incref       jansson_CM3LE.lib(pack_unpack.o)
    0x08004890   0x08004890   0x0000001c   Code   RO         3288    i.json_integer      jansson_CM3LE.lib(value.o)
    0x080048ac   0x080048ac   0x00000018   Code   RO         3290    i.json_integer_value  jansson_CM3LE.lib(value.o)
    0x080048c4   0x080048c4   0x00000008   Code   RO         3291    i.json_null         jansson_CM3LE.lib(value.o)
    0x080048cc   0x080048cc   0x0000004c   Code   RO         3293    i.json_object       jansson_CM3LE.lib(value.o)
    0x08004918   0x08004918   0x0000001c   Code   RO         3298    i.json_object_get   jansson_CM3LE.lib(value.o)
    0x08004934   0x08004934   0x00000018   Code   RO         3299    i.json_object_iter  jansson_CM3LE.lib(value.o)
    0x0800494c   0x0800494c   0x0000000c   Code   RO         3301    i.json_object_iter_key  jansson_CM3LE.lib(value.o)
    0x08004958   0x08004958   0x0000001c   Code   RO         3302    i.json_object_iter_next  jansson_CM3LE.lib(value.o)
    0x08004974   0x08004974   0x0000000c   Code   RO         3304    i.json_object_iter_value  jansson_CM3LE.lib(value.o)
    0x08004980   0x08004980   0x00000028   Code   RO         4039    i.json_object_seed  jansson_CM3LE.lib(hashtable_seed.o)
    0x080049a8   0x080049a8   0x00000040   Code   RO         3307    i.json_object_set_new_nocheck  jansson_CM3LE.lib(value.o)
    0x080049e8   0x080049e8   0x00000012   Code   RO         3309    i.json_object_size  jansson_CM3LE.lib(value.o)
    0x080049fa   0x080049fa   0x00000018   Code   RO         3136    i.json_pack         jansson_CM3LE.lib(pack_unpack.o)
    0x08004a12   0x08004a12   0x00000034   Code   RO         3313    i.json_real         jansson_CM3LE.lib(value.o)
    0x08004a46   0x08004a46   0x00000018   Code   RO         3315    i.json_real_value   jansson_CM3LE.lib(value.o)
    0x08004a5e   0x08004a5e   0x00000012   Code   RO         3318    i.json_string_length  jansson_CM3LE.lib(value.o)
    0x08004a70   0x08004a70   0x00000012   Code   RO         3324    i.json_string_value  jansson_CM3LE.lib(value.o)
    0x08004a82   0x08004a82   0x0000000a   Code   RO         3326    i.json_stringn_nocheck  jansson_CM3LE.lib(value.o)
    0x08004a8c   0x08004a8c   0x00000008   Code   RO         3327    i.json_true         jansson_CM3LE.lib(value.o)
    0x08004a94   0x08004a94   0x000000c4   Code   RO         3140    i.json_vpack_ex     jansson_CM3LE.lib(pack_unpack.o)
    0x08004b58   0x08004b58   0x000000a0   Code   RO         3972    i.jsonp_dtostr      jansson_CM3LE.lib(strconv.o)
    0x08004bf8   0x08004bf8   0x00000022   Code   RO         3664    i.jsonp_error_init  jansson_CM3LE.lib(error.o)
    0x08004c1a   0x08004c1a   0x00000010   Code   RO         3665    i.jsonp_error_set   jansson_CM3LE.lib(error.o)
    0x08004c2a   0x08004c2a   0x00000002   PAD
    0x08004c2c   0x08004c2c   0x0000003c   Code   RO         3666    i.jsonp_error_set_source  jansson_CM3LE.lib(error.o)
    0x08004c68   0x08004c68   0x0000002c   Code   RO         3667    i.jsonp_error_vset  jansson_CM3LE.lib(error.o)
    0x08004c94   0x08004c94   0x00000010   Code   RO         3867    i.jsonp_free        jansson_CM3LE.lib(memory.o)
    0x08004ca4   0x08004ca4   0x00000010   Code   RO         3868    i.jsonp_malloc      jansson_CM3LE.lib(memory.o)
    0x08004cb4   0x08004cb4   0x00000012   Code   RO         3869    i.jsonp_strdup      jansson_CM3LE.lib(memory.o)
    0x08004cc6   0x08004cc6   0x0000000a   Code   RO         3328    i.jsonp_stringn_nocheck_own  jansson_CM3LE.lib(value.o)
    0x08004cd0   0x08004cd0   0x00000024   Code   RO         3870    i.jsonp_strndup     jansson_CM3LE.lib(memory.o)
    0x08004cf4   0x08004cf4   0x0000000e   Code   RO         3730    i.list_insert       jansson_CM3LE.lib(hashtable.o)
    0x08004d02   0x08004d02   0x00000002   PAD
    0x08004d04   0x08004d04   0x000002f0   Code   RO           15    i.main              main.o
    0x08004ff4   0x08004ff4   0x0000006c   Code   RO         4364    i.malloc            mc_w.l(malloc.o)
    0x08005060   0x08005060   0x00000080   Code   RO         3142    i.next_token        jansson_CM3LE.lib(pack_unpack.o)
    0x080050e0   0x080050e0   0x0000000c   Code   RO         3035    i.object_key_compare_keys  jansson_CM3LE.lib(dump.o)
    0x080050ec   0x080050ec   0x0000001a   Code   RO         3036    i.object_key_compare_serials  jansson_CM3LE.lib(dump.o)
    0x08005106   0x08005106   0x00000002   PAD
    0x08005108   0x08005108   0x00000118   Code   RO         3143    i.pack              jansson_CM3LE.lib(pack_unpack.o)
    0x08005220   0x08005220   0x000000b0   Code   RO         3144    i.pack_array        jansson_CM3LE.lib(pack_unpack.o)
    0x080052d0   0x080052d0   0x00000130   Code   RO         3145    i.pack_object       jansson_CM3LE.lib(pack_unpack.o)
    0x08005400   0x08005400   0x00000014   Code   RO         3146    i.prev_token        jansson_CM3LE.lib(pack_unpack.o)
    0x08005414   0x08005414   0x0000015c   Code   RO         3147    i.read_string       jansson_CM3LE.lib(pack_unpack.o)
    0x08005570   0x08005570   0x0000002c   Code   RO         3148    i.scanner_init      jansson_CM3LE.lib(pack_unpack.o)
    0x0800559c   0x0800559c   0x00000004   Code   RO         3014    i.seed_from_timestamp_and_pid  jansson_config.o
    0x080055a0   0x080055a0   0x0000002c   Code   RO         3149    i.set_error         jansson_CM3LE.lib(pack_unpack.o)
    0x080055cc   0x080055cc   0x00000070   Code   RO         3914    i.strbuffer_append_bytes  jansson_CM3LE.lib(strbuffer.o)
    0x0800563c   0x0800563c   0x00000018   Code   RO         3916    i.strbuffer_close   jansson_CM3LE.lib(strbuffer.o)
    0x08005654   0x08005654   0x00000022   Code   RO         3917    i.strbuffer_init    jansson_CM3LE.lib(strbuffer.o)
    0x08005676   0x08005676   0x0000000a   Code   RO         3919    i.strbuffer_steal_value  jansson_CM3LE.lib(strbuffer.o)
    0x08005680   0x08005680   0x00000004   Code   RO         3920    i.strbuffer_value   jansson_CM3LE.lib(strbuffer.o)
    0x08005684   0x08005684   0x0000003e   Code   RO         3329    i.string_create     jansson_CM3LE.lib(value.o)
    0x080056c2   0x080056c2   0x0000003c   Code   RO         4003    i.utf8_check_first  jansson_CM3LE.lib(utf.o)
    0x080056fe   0x080056fe   0x00000002   PAD
    0x08005700   0x08005700   0x00000088   Code   RO         4004    i.utf8_check_full   jansson_CM3LE.lib(utf.o)
    0x08005788   0x08005788   0x0000003e   Code   RO         4005    i.utf8_check_string  jansson_CM3LE.lib(utf.o)
    0x080057c6   0x080057c6   0x00000040   Code   RO         4007    i.utf8_iterate      jansson_CM3LE.lib(utf.o)
    0x08005806   0x08005806   0x00000008   Data   RO         1590    .constdata          stm32f4xx_hal_dma.o
    0x0800580e   0x0800580e   0x00000010   Data   RO         2667    .constdata          system_stm32f4xx.o
    0x0800581e   0x0800581e   0x00000008   Data   RO         2668    .constdata          system_stm32f4xx.o
    0x08005826   0x08005826   0x00000818   Data   RO         2929    .constdata          oled.o
    0x0800603e   0x0800603e   0x00000021   Data   RO         3037    .constdata          jansson_CM3LE.lib(dump.o)
    0x0800605f   0x0800605f   0x00000001   PAD
    0x08006060   0x08006060   0x00000020   Data   RO         4467    Region$$Table       anon$$obj.o


    Execution Region RW_IRAM1 (Exec base: 0x20000000, Load base: 0x08006080, Size: 0x00001b38, Max: 0x00020000, ABSOLUTE)

    Exec Addr    Load Addr    Size         Type   Attr      Idx    E Section Name        Object

    0x20000000   0x08006080   0x00000008   Data   RW           17    .data               main.o
    0x20000008   0x08006088   0x0000000c   Data   RW         2041    .data               stm32f4xx_hal.o
    0x20000014   0x08006094   0x00000004   Data   RW         2669    .data               system_stm32f4xx.o
    0x20000018   0x08006098   0x00000004   Data   RW         2706    .data               delay.o
    0x2000001c   0x0800609c   0x00000004   Data   RW         2752    .data               mu_usart.o
    0x20000020   0x080060a0   0x00000018   Data   RW         3330    .data               jansson_CM3LE.lib(value.o)
    0x20000038   0x080060b8   0x00000008   Data   RW         3871    .data               jansson_CM3LE.lib(memory.o)
    0x20000040   0x080060c0   0x00000004   Data   RW         4040    .data               jansson_CM3LE.lib(hashtable_seed.o)
    0x20000044   0x080060c4   0x00000004   Data   RW         4426    .data               mc_w.l(stdout.o)
    0x20000048   0x080060c8   0x00000004   Data   RW         4431    .data               mc_w.l(mvars.o)
    0x2000004c   0x080060cc   0x00000004   Data   RW         4432    .data               mc_w.l(mvars.o)
    0x20000050        -       0x000000fc   Zero   RW          350    .bss                i2c.o
    0x2000014c        -       0x000001ec   Zero   RW          404    .bss                usart.o
    0x20000338        -       0x000000ff   Zero   RW         2750    .bss                mu_usart.o
    0x20000437        -       0x000002fd   Zero   RW         2751    .bss                mu_usart.o
    0x20000734   0x080060d0   0x00000004   PAD
    0x20000738        -       0x00001000   Zero   RW            2    HEAP                startup_stm32f411xe.o
    0x20001738        -       0x00000400   Zero   RW            1    STACK               startup_stm32f411xe.o


==============================================================================

Image component sizes


      Code (inc. data)   RO Data    RW Data    ZI Data      Debug   Object Name

       108         20          0          0          0       2048   bh1750_i2c_drv.o
        98          8          0          4          0       1843   delay.o
        92          4          0          0          0        806   dma.o
       144         14          0          0          0     390579   gpio.o
       492         66          0          0        252       3063   i2c.o
         4          0          0          0          0        862   jansson_config.o
       900        262          0          8          0      56209   main.o
       436         92          0          4       1020       3065   mu_usart.o
       546         18       2072          0          0       5219   oled.o
       272         24          0          0          0       4745   sht30.o
        36          8        408          0       5120        824   startup_stm32f411xe.o
       144         24          0         12          0       8557   stm32f4xx_hal.o
       222         14          0          0          0      34529   stm32f4xx_hal_cortex.o
      1084         16          8          0          0       7258   stm32f4xx_hal_dma.o
       490         34          0          0          0       2144   stm32f4xx_hal_gpio.o
      2118         50          0          0          0      12446   stm32f4xx_hal_i2c.o
        48          6          0          0          0        834   stm32f4xx_hal_msp.o
      1348         76          0          0          0       5180   stm32f4xx_hal_rcc.o
      2132         30          0          0          0      15753   stm32f4xx_hal_uart.o
       128         36          0          0          0       8284   stm32f4xx_it.o
        16          4         24          4          0       1099   system_stm32f4xx.o
       752         56          0          0        492       3401   usart.o

    ----------------------------------------------------------------------
     11632        862       2544         32       6888     568748   Object Totals
         0          0         32          0          0          0   (incl. Generated)
        22          0          0          0          4          0   (incl. Padding)

    ----------------------------------------------------------------------

      Code (inc. data)   RO Data    RW Data    ZI Data      Debug   Library Member Name

      1534        162         33          0          0      17721   dump.o
       154          4          0          0          0       6085   error.o
      1000         32          0          0          0      17697   hashtable.o
        40          6          0          4          0       1280   hashtable_seed.o
        86          8          0          8          0       6121   memory.o
      1604        414          0          0          0      12512   pack_unpack.o
       184          4          0          0          0       3386   strbuffer.o
       160         10          0          0          0        783   strconv.o
       322         10          0          0          0       3128   utf.o
       958         32          0         24          0      25330   value.o
         0          0          0          0          0          0   entry.o
         0          0          0          0          0          0   entry10a.o
         0          0          0          0          0          0   entry11a.o
         4          0          0          0          0          0   entry12b.o
         8          4          0          0          0          0   entry2.o
         4          0          0          0          0          0   entry5.o
         0          0          0          0          0          0   entry7b.o
         0          0          0          0          0          0   entry8b.o
         8          4          0          0          0          0   entry9a.o
        30          0          0          0          0          0   handlers.o
        36          8          0          0          0         68   init.o
         0          0          0          0          0          0   iusefp.o
        30          0          0          0          0         68   llshl.o
        36          0          0          0          0         68   llsshr.o
        32          0          0          0          0         68   llushr.o
       188         20          0          0          0        160   malloc.o
        64          0          0          0          0         76   memmovea.o
        36          0          0          0          0        108   memseta.o
         0          0          0          8          0          0   mvars.o
      2394        106          0          0          0        852   printfa.o
       156          0          0          0          0         88   qsort.o
         0          0          0          4          0          0   stdout.o
        20          0          0          0          0         68   strchr.o
        28          0          0          0          0         76   strcmp.o
        18          0          0          0          0         68   strcpy.o
        14          0          0          0          0         68   strlen.o
        44          0          0          0          0         80   uidiv.o
        98          0          0          0          0         92   uldiv.o
        48          0          0          0          0         68   cdrcmple.o
       334          0          0          0          0        148   dadd.o
       222          0          0          0          0        100   ddiv.o
       186          0          0          0          0        176   depilogue.o
        62          0          0          0          0         80   dfixi.o
        48          0          0          0          0         68   dfixul.o
        26          0          0          0          0         76   dfltui.o
       228          0          0          0          0         96   dmul.o
        38          0          0          0          0         68   f2d.o

    ----------------------------------------------------------------------
     10494        824         34         48          0      96931   Library Totals
        12          0          1          0          0          0   (incl. Padding)

    ----------------------------------------------------------------------

      Code (inc. data)   RO Data    RW Data    ZI Data      Debug   Library Name

      6042        682         33         36          0      94043   jansson_CM3LE.lib
      3248        142          0         12          0       2008   mc_w.l
      1192          0          0          0          0        880   mf_w.l

    ----------------------------------------------------------------------
     10494        824         34         48          0      96931   Library Totals

    ----------------------------------------------------------------------

==============================================================================


      Code (inc. data)   RO Data    RW Data    ZI Data      Debug   

     22126       1686       2578         80       6888     650707   Grand Totals
     22126       1686       2578         80       6888     650707   ELF Image Totals
     22126       1686       2578         80          0          0   ROM Totals

==============================================================================

    Total RO  Size (Code + RO Data)                24704 (  24.13kB)
    Total RW  Size (RW Data + ZI Data)              6968 (   6.80kB)
    Total ROM Size (Code + RO Data + RW Data)      24784 (  24.20kB)

==============================================================================

